Microchip MPLAB XC8 Compiler V2.10 ()

Linker command line:

-W-3 --edf=C:\Program Files (x86)\Microchip\xc8\v2.10\pic\dat\en_msgs.txt \
  -cs -h+dist/default/debug\Contagiri.X.debug.sym \
  --cmf=dist/default/debug\Contagiri.X.debug.cmf -z -Q16F18446 \
  -oC:\Users\Marco\AppData\Local\Temp\seik.2 --defsym=__MPLAB_BUILD=1 \
  -Mdist/default/debug/Contagiri.X.debug.map -E1 -ver=XC8 --acfsm=1493 \
  -ASTACK=02038h-027EFh -pstack=STACK -ACODE=00h-07FFhx8 \
  -ASTRCODE=00h-03FFFh -ASTRING=00h-0FFhx64 -ACONST=00h-0FFhx64 \
  -AENTRY=00h-0FFhx64 -ACOMMON=070h-07Fh -ABANK0=020h-06Fh \
  -ABANK1=0A0h-0EFh -ABANK2=0120h-016Fh -ABANK3=01A0h-01EFh \
  -ABANK4=0220h-026Fh -ABANK5=02A0h-02EFh -ABANK6=0320h-036Fh \
  -ABANK7=03A0h-03EFh -ABANK8=0420h-046Fh -ABANK9=04A0h-04EFh \
  -ABANK10=0520h-056Fh -ABANK11=05A0h-05EFh -ABANK12=0620h-066Fh \
  -ABANK13=06A0h-06EFh -ABANK14=0720h-076Fh -ABANK15=07A0h-07EFh \
  -ABANK16=0820h-086Fh -ABANK17=08A0h-08EFh -ABANK18=0920h-096Fh \
  -ABANK19=09A0h-09EFh -ABANK20=0A20h-0A6Fh -ABANK21=0AA0h-0AEFh \
  -ABANK22=0B20h-0B6Fh -ABANK23=0BA0h-0BEFh -ABANK24=0C20h-0C6Fh \
  -ABANK25=0CA0h-0CBFh -ABIGRAM=02000h-027EFh \
  -ARAM=020h-06Fh,0A0h-0EFh,0120h-016Fh,01A0h-01EFh,0220h-026Fh,02A0h-02EFh,0320h-036Fh,03A0h-03EFh,0420h-046Fh,04A0h-04EFh,0520h-056Fh,05A0h-05EFh,0620h-066Fh,06A0h-06EFh,0720h-076Fh,07A0h-07EFh,0820h-086Fh,08A0h-08EFh,0920h-096Fh,09A0h-09EFh,0A20h-0A6Fh,0AA0h-0AEFh,0B20h-0B6Fh,0BA0h-0BEFh,0C20h-0C6Fh,0CA0h-0CBFh \
  -AABS1=020h-07Fh,0A0h-0EFh,0120h-016Fh,01A0h-01EFh,0220h-026Fh,02A0h-02EFh,0320h-036Fh,03A0h-03EFh,0420h-046Fh,04A0h-04EFh,0520h-056Fh,05A0h-05EFh,0620h-066Fh,06A0h-06EFh,0720h-076Fh,07A0h-07EFh,0820h-086Fh,08A0h-08EFh,0920h-096Fh,09A0h-09EFh,0A20h-0A6Fh,0AA0h-0AEFh,0B20h-0B6Fh,0BA0h-0BEFh,0C20h-0C6Fh,0CA0h-0CBFh \
  -ASFR0=00h-01Fh -ASFR1=080h-09Fh -ASFR2=0100h-011Fh -ASFR3=0180h-019Fh \
  -ASFR4=0200h-021Fh -ASFR5=0280h-029Fh -ASFR6=0300h-031Fh \
  -ASFR7=0380h-039Fh -ASFR8=0400h-041Fh -ASFR9=0480h-049Fh \
  -ASFR10=0500h-051Fh -ASFR11=0580h-059Fh -ASFR12=0600h-061Fh \
  -ASFR13=0680h-069Fh -ASFR14=0700h-071Fh -ASFR15=0780h-079Fh \
  -ASFR16=0800h-081Fh -ASFR17=0880h-089Fh -ASFR18=0900h-091Fh \
  -ASFR19=0980h-099Fh -ASFR20=0A00h-0A1Fh -ASFR21=0A80h-0A9Fh \
  -ASFR22=0B00h-0B1Fh -ASFR23=0B80h-0B9Fh -ASFR24=0C00h-0C1Fh \
  -ASFR25=0C80h-0C9Fh -ASFR26=0D00h-0D6Fh -ASFR27=0D80h-0DEFh \
  -ASFR28=0E00h-0E6Fh -ASFR29=0E80h-0EEFh -ASFR30=0F00h-0F6Fh \
  -ASFR31=0F80h-0FEFh -ASFR32=01000h-0106Fh -ASFR33=01080h-010EFh \
  -ASFR34=01100h-0116Fh -ASFR35=01180h-011EFh -ASFR36=01200h-0126Fh \
  -ASFR37=01280h-012EFh -ASFR38=01300h-0136Fh -ASFR39=01380h-013EFh \
  -ASFR40=01400h-0146Fh -ASFR41=01480h-014EFh -ASFR42=01500h-0156Fh \
  -ASFR43=01580h-015EFh -ASFR44=01600h-0166Fh -ASFR45=01680h-016EFh \
  -ASFR46=01700h-0176Fh -ASFR47=01780h-017EFh -ASFR48=01800h-0186Fh \
  -ASFR49=01880h-018EFh -ASFR50=01900h-0196Fh -ASFR51=01980h-019EFh \
  -ASFR52=01A00h-01A6Fh -ASFR53=01A80h-01AEFh -ASFR54=01B00h-01B6Fh \
  -ASFR55=01B80h-01BEFh -ASFR56=01C00h-01C6Fh -ASFR57=01C80h-01CEFh \
  -ASFR58=01D00h-01D6Fh -ASFR59=01D80h-01DEFh -ASFR60=01E00h-01E6Fh \
  -ASFR61=01E80h-01EEFh -ASFR62=01F00h-01F6Fh -ASFR63=01F80h-01FEFh \
  -preset_vec=00h,intentry,init,end_init -ppowerup=CODE -pcinit=CODE \
  -pfunctab=ENTRY -ACONFIG=08007h-0800Bh -pconfig=CONFIG -DCONFIG=2 \
  -AIDLOC=08000h-08003h -pidloc=IDLOC -DIDLOC=2 -AEEDATA=00h-0FFh/0F000h \
  -peeprom_data=EEDATA -DEEDATA=2 -DCODE=2 -DSTRCODE=2 -DSTRING=2 -DCONST=2 \
  -DENTRY=2 -k C:\Users\Marco\AppData\Local\Temp\seik.o \
  dist/default/debug\Contagiri.X.debug.o 

Object code version is 3.11

Machine type is 16F18446



                Name                               Link     Load   Length Selector   Space Scale
C:\Users\Marco\AppData\Local\Temp\seik.o
                end_init                              2        2        2        0       0
                reset_vec                             0        0        2        0       0
                config                             8007     8007        5    1000E       0
dist/default/debug\Contagiri.X.debug.o
                cinit                               7F5      7F5        B      FEA       0
                text53                              40E      40E        3      81C       0
                text52                              411      411        3      822       0
                text51                              414      414        3      828       0
                text50                              549      549       1C      A92       0
                text49                              417      417        3      82E       0
                text48                              41A      41A        3      834       0
                text47                              41D      41D        3      83A       0
                text46                              4DD      4DD       10      9BA       0
                text45                              584      584       26      B08       0
                text44                              4A9      4A9        D      952       0
                text43                              4ED      4ED       11      9DA       0
                text42                              4FE      4FE       11      9FC       0
                text41                              50F      50F       11      A1E       0
                text40                              520      520       11      A40       0
                text39                              531      531       18      A62       0
                text38                              40A      40A        2      814       0
                text37                              40C      40C        2      818       0
                text36                              420      420        3      840       0
                text35                              429      429        4      852       0
                text34                              423      423        3      846       0
                text33                              42D      42D        4      85A       0
                text32                              431      431        5      862       0
                text31                              463      463        6      8C6       0
                text30                              426      426        3      84C       0
                text29                              62E      62E       2F      C5C       0
                text28                              436      436        5      86C       0
                text27                              484      484        9      908       0
                text26                              47C      47C        8      8F8       0
                text25                              74A      74A       55      E94       0
                text24                              704      704       46      E08       0
                text23                              475      475        7      8EA       0
                text22                              43B      43B        5      876       0
                text21                              440      440        5      880       0
                text20                              445      445        5      88A       0
                text19                              44A      44A        5      894       0
                text18                              44F      44F        5      89E       0
                text17                              454      454        5      8A8       0
                text16                              459      459        5      8B2       0
                text15                              45E      45E        5      8BC       0
                text14                              5D5      5D5       2C      BAA       0
                text13                              5AA      5AA       2B      B54       0
                text12                              469      469        6      8D2       0
                text11                              4B6      4B6        D      96C       0
                text10                              565      565       1F      ACA       0
                text9                               4C3      4C3        D      986       0
                text8                               68C      68C       3A      D18       0
                text7                               6C6      6C6       3E      D8C       0
                text6                               79F      79F       56      F3E       0
                text5                               48D      48D        9      91A       0
                text4                               496      496        9      92C       0
                text3                               65D      65D       2F      CBA       0
                text2                               49F      49F        A      93E       0
                text1                               4D0      4D0        D      9A0       0
                maintext                            601      601       2D      C02       0
                cstackBANK0                          3E       3E       1A       20       1
                cstackCOMMON                         70       70        E       70       1
                clrtext                             46F      46F        6      8DE       0
                bssBANK0                             20       20       1E       20       1
                stringtext1                         800      800       20     1000       0

TOTAL           Name                               Link     Load   Length     Space
        CLASS   STACK          

        CLASS   CODE           
                end_init                              2        2        2         0
                cinit                               7F5      7F5        B         0
                reset_vec                             0        0        2         0
                text53                              40E      40E        3         0
                text52                              411      411        3         0
                text51                              414      414        3         0
                text50                              549      549       1C         0
                text49                              417      417        3         0
                text48                              41A      41A        3         0
                text47                              41D      41D        3         0
                text46                              4DD      4DD       10         0
                text45                              584      584       26         0
                text44                              4A9      4A9        D         0
                text43                              4ED      4ED       11         0
                text42                              4FE      4FE       11         0
                text41                              50F      50F       11         0
                text40                              520      520       11         0
                text39                              531      531       18         0
                text38                              40A      40A        2         0
                text37                              40C      40C        2         0
                text36                              420      420        3         0
                text35                              429      429        4         0
                text34                              423      423        3         0
                text33                              42D      42D        4         0
                text32                              431      431        5         0
                text31                              463      463        6         0
                text30                              426      426        3         0
                text29                              62E      62E       2F         0
                text28                              436      436        5         0
                text27                              484      484        9         0
                text26                              47C      47C        8         0
                text25                              74A      74A       55         0
                text24                              704      704       46         0
                text23                              475      475        7         0
                text22                              43B      43B        5         0
                text21                              440      440        5         0
                text20                              445      445        5         0
                text19                              44A      44A        5         0
                text18                              44F      44F        5         0
                text17                              454      454        5         0
                text16                              459      459        5         0
                text15                              45E      45E        5         0
                text14                              5D5      5D5       2C         0
                text13                              5AA      5AA       2B         0
                text12                              469      469        6         0
                text11                              4B6      4B6        D         0
                text10                              565      565       1F         0
                text9                               4C3      4C3        D         0
                text8                               68C      68C       3A         0
                text7                               6C6      6C6       3E         0
                text6                               79F      79F       56         0
                text5                               48D      48D        9         0
                text4                               496      496        9         0
                text3                               65D      65D       2F         0
                text2                               49F      49F        A         0
                text1                               4D0      4D0        D         0
                maintext                            601      601       2D         0
                clrtext                             46F      46F        6         0

        CLASS   STRCODE        
                stringtext1                         800      800       20         0

        CLASS   STRING         

        CLASS   CONST          

        CLASS   ENTRY          

        CLASS   COMMON         
                cstackCOMMON                         70       70        E         1

        CLASS   BANK0          
                cstackBANK0                          3E       3E       1A         1
                bssBANK0                             20       20       1E         1

        CLASS   BANK1          

        CLASS   BANK2          

        CLASS   BANK3          

        CLASS   BANK4          

        CLASS   BANK5          

        CLASS   BANK6          

        CLASS   BANK7          

        CLASS   BANK8          

        CLASS   BANK9          

        CLASS   BANK10         

        CLASS   BANK11         

        CLASS   BANK12         

        CLASS   BANK13         

        CLASS   BANK14         

        CLASS   BANK15         

        CLASS   BANK16         

        CLASS   BANK17         

        CLASS   BANK18         

        CLASS   BANK19         

        CLASS   BANK20         

        CLASS   BANK21         

        CLASS   BANK22         

        CLASS   BANK23         

        CLASS   BANK24         

        CLASS   BANK25         

        CLASS   BIGRAM         

        CLASS   RAM            

        CLASS   ABS1           
                abs_s1                               7E       7E        2         1

        CLASS   SFR0           

        CLASS   SFR1           

        CLASS   SFR2           

        CLASS   SFR3           

        CLASS   SFR4           

        CLASS   SFR5           

        CLASS   SFR6           

        CLASS   SFR7           

        CLASS   SFR8           

        CLASS   SFR9           

        CLASS   SFR10          

        CLASS   SFR11          

        CLASS   SFR12          

        CLASS   SFR13          

        CLASS   SFR14          

        CLASS   SFR15          

        CLASS   SFR16          

        CLASS   SFR17          

        CLASS   SFR18          

        CLASS   SFR19          

        CLASS   SFR20          

        CLASS   SFR21          

        CLASS   SFR22          

        CLASS   SFR23          

        CLASS   SFR24          

        CLASS   SFR25          

        CLASS   SFR26          

        CLASS   SFR27          

        CLASS   SFR28          

        CLASS   SFR29          

        CLASS   SFR30          

        CLASS   SFR31          

        CLASS   SFR32          

        CLASS   SFR33          

        CLASS   SFR34          

        CLASS   SFR35          

        CLASS   SFR36          

        CLASS   SFR37          

        CLASS   SFR38          

        CLASS   SFR39          

        CLASS   SFR40          

        CLASS   SFR41          

        CLASS   SFR42          

        CLASS   SFR43          

        CLASS   SFR44          

        CLASS   SFR45          

        CLASS   SFR46          

        CLASS   SFR47          

        CLASS   SFR48          

        CLASS   SFR49          

        CLASS   SFR50          

        CLASS   SFR51          

        CLASS   SFR52          

        CLASS   SFR53          

        CLASS   SFR54          

        CLASS   SFR55          

        CLASS   SFR56          

        CLASS   SFR57          

        CLASS   SFR58          

        CLASS   SFR59          

        CLASS   SFR60          

        CLASS   SFR61          

        CLASS   SFR62          

        CLASS   SFR63          

        CLASS   CONFIG         
                config                             8007     8007        5         0

        CLASS   IDLOC          

        CLASS   EEDATA         

        CLASS   BANK63         

        CLASS   BANK62         

        CLASS   BANK61         

        CLASS   BANK60         

        CLASS   BANK59         

        CLASS   BANK58         

        CLASS   BANK57         

        CLASS   BANK56         

        CLASS   BANK55         

        CLASS   BANK54         

        CLASS   BANK53         

        CLASS   BANK52         

        CLASS   BANK51         

        CLASS   BANK50         

        CLASS   BANK49         

        CLASS   BANK48         

        CLASS   BANK47         

        CLASS   BANK46         

        CLASS   BANK45         

        CLASS   BANK44         

        CLASS   BANK43         

        CLASS   BANK42         

        CLASS   BANK41         

        CLASS   BANK40         

        CLASS   BANK39         

        CLASS   BANK38         

        CLASS   BANK37         

        CLASS   BANK36         

        CLASS   BANK35         

        CLASS   BANK34         

        CLASS   BANK33         

        CLASS   BANK32         

        CLASS   BANK31         

        CLASS   BANK30         

        CLASS   BANK29         

        CLASS   BANK28         

        CLASS   BANK27         

        CLASS   BANK26         



SEGMENTS        Name                           Load    Length   Top    Selector   Space  Class     Delta

                reset_vec                      000000  000004  000004         0       0  CODE        2
                bssBANK0                       000020  000038  000058        20       1  BANK0       1
                cstackCOMMON                   000070  00000E  00007E        70       1  COMMON      1
                text38                         00040A  000002  00040C       814       0  CODE        2
                text37                         00040C  000002  00040E       818       0  CODE        2
                text53                         00040E  000003  000411       81C       0  CODE        2
                text52                         000411  000003  000414       822       0  CODE        2
                text51                         000414  000003  000417       828       0  CODE        2
                text49                         000417  000003  00041A       82E       0  CODE        2
                text48                         00041A  000003  00041D       834       0  CODE        2
                text47                         00041D  000003  000420       83A       0  CODE        2
                text36                         000420  000003  000423       840       0  CODE        2
                text34                         000423  000003  000426       846       0  CODE        2
                text30                         000426  000003  000429       84C       0  CODE        2
                text35                         000429  000004  00042D       852       0  CODE        2
                text33                         00042D  000004  000431       85A       0  CODE        2
                text32                         000431  000005  000436       862       0  CODE        2
                text28                         000436  000005  00043B       86C       0  CODE        2
                text22                         00043B  000005  000440       876       0  CODE        2
                text21                         000440  000005  000445       880       0  CODE        2
                text20                         000445  000005  00044A       88A       0  CODE        2
                text19                         00044A  000005  00044F       894       0  CODE        2
                text18                         00044F  000005  000454       89E       0  CODE        2
                text17                         000454  000005  000459       8A8       0  CODE        2
                text16                         000459  000005  00045E       8B2       0  CODE        2
                text15                         00045E  000005  000463       8BC       0  CODE        2
                text31                         000463  000006  000469       8C6       0  CODE        2
                text12                         000469  000006  00046F       8D2       0  CODE        2
                clrtext                        00046F  000006  000475       8DE       0  CODE        2
                text23                         000475  000007  00047C       8EA       0  CODE        2
                text26                         00047C  000008  000484       8F8       0  CODE        2
                text27                         000484  000009  00048D       908       0  CODE        2
                text5                          00048D  000009  000496       91A       0  CODE        2
                text4                          000496  000009  00049F       92C       0  CODE        2
                text2                          00049F  00000A  0004A9       93E       0  CODE        2
                text44                         0004A9  00000D  0004B6       952       0  CODE        2
                text11                         0004B6  00000D  0004C3       96C       0  CODE        2
                text9                          0004C3  00000D  0004D0       986       0  CODE        2
                text1                          0004D0  00000D  0004DD       9A0       0  CODE        2
                text46                         0004DD  000010  0004ED       9BA       0  CODE        2
                text43                         0004ED  000011  0004FE       9DA       0  CODE        2
                text42                         0004FE  000011  00050F       9FC       0  CODE        2
                text41                         00050F  000011  000520       A1E       0  CODE        2
                text40                         000520  000011  000531       A40       0  CODE        2
                text39                         000531  000018  000549       A62       0  CODE        2
                text50                         000549  00001C  000565       A92       0  CODE        2
                text10                         000565  00001F  000584       ACA       0  CODE        2
                text45                         000584  000026  0005AA       B08       0  CODE        2
                text13                         0005AA  00002B  0005D5       B54       0  CODE        2
                text14                         0005D5  00002C  000601       BAA       0  CODE        2
                maintext                       000601  00002D  00062E       C02       0  CODE        2
                text29                         00062E  00002F  00065D       C5C       0  CODE        2
                text3                          00065D  00002F  00068C       CBA       0  CODE        2
                text8                          00068C  00003A  0006C6       D18       0  CODE        2
                text7                          0006C6  00003E  000704       D8C       0  CODE        2
                text24                         000704  000046  00074A       E08       0  CODE        2
                text25                         00074A  000055  00079F       E94       0  CODE        2
                text6                          00079F  000056  0007F5       F3E       0  CODE        2
                cinit                          0007F5  00000B  000800       FEA       0  CODE        2
                stringtext1                    000800  000020  000820      1000       0  STRCODE     2
                config                         008007  000005  00800C     1000E       0  CONFIG      2


UNUSED ADDRESS RANGES

        Name                Unused          Largest block    Delta
        BANK0            00058-0006F              18           1
        BANK1            000A0-000EF              50           1
        BANK10           00520-0056F              50           1
        BANK11           005A0-005EF              50           1
        BANK12           00620-0066F              50           1
        BANK13           006A0-006EF              50           1
        BANK14           00720-0076F              50           1
        BANK15           007A0-007EF              50           1
        BANK16           00820-0086F              50           1
        BANK17           008A0-008EF              50           1
        BANK18           00920-0096F              50           1
        BANK19           009A0-009EF              50           1
        BANK2            00120-0016F              50           1
        BANK20           00A20-00A6F              50           1
        BANK21           00AA0-00AEF              50           1
        BANK22           00B20-00B6F              50           1
        BANK23           00BA0-00BEF              50           1
        BANK24           00C20-00C6F              50           1
        BANK25           00CA0-00CBF              20           1
        BANK3            001A0-001EF              50           1
        BANK4            00220-0026F              50           1
        BANK5            002A0-002EF              50           1
        BANK6            00320-0036F              50           1
        BANK7            003A0-003EF              50           1
        BANK8            00420-0046F              50           1
        BANK9            004A0-004EF              50           1
        BIGRAM           02000-027EF             7F0           1
        CODE             00004-00409             406           2
                         00820-03FFF             800
        CONST            00004-00409             100           2
                         00820-03FFF             100
        EEDATA           0F000-0F0FF             100           2
        ENTRY            00004-00409             100           2
                         00820-03FFF             100
        IDLOC            08000-08003               4           2
        RAM              00058-0006F              18           1
                         000A0-000EF              50
                         00120-0016F              50
                         001A0-001EF              50
                         00220-0026F              50
                         002A0-002EF              50
                         00320-0036F              50
                         003A0-003EF              50
                         00420-0046F              50
                         004A0-004EF              50
                         00520-0056F              50
                         005A0-005EF              50
                         00620-0066F              50
                         006A0-006EF              50
                         00720-0076F              50
                         007A0-007EF              50
                         00820-0086F              50
                         008A0-008EF              50
                         00920-0096F              50
                         009A0-009EF              50
                         00A20-00A6F              50
                         00AA0-00AEF              50
                         00B20-00B6F              50
                         00BA0-00BEF              50
                         00C20-00C6F              50
                         00CA0-00CBF              20
        SFR0             00000-0001F              20           1
        SFR1             00080-0009F              20           1
        SFR10            00500-0051F              20           1
        SFR11            00580-0059F              20           1
        SFR12            00600-0061F              20           1
        SFR13            00680-0069F              20           1
        SFR14            00700-0071F              20           1
        SFR15            00780-0079F              20           1
        SFR16            00800-0081F              20           1
        SFR17            00880-0089F              20           1
        SFR18            00900-0091F              20           1
        SFR19            00980-0099F              20           1
        SFR2             00100-0011F              20           1
        SFR20            00A00-00A1F              20           1
        SFR21            00A80-00A9F              20           1
        SFR22            00B00-00B1F              20           1
        SFR23            00B80-00B9F              20           1
        SFR24            00C00-00C1F              20           1
        SFR25            00C80-00C9F              20           1
        SFR26            00D00-00D6F              70           1
        SFR27            00D80-00DEF              70           1
        SFR28            00E00-00E6F              70           1
        SFR29            00E80-00EEF              70           1
        SFR3             00180-0019F              20           1
        SFR30            00F00-00F6F              70           1
        SFR31            00F80-00FEF              70           1
        SFR32            01000-0106F              70           1
        SFR33            01080-010EF              70           1
        SFR34            01100-0116F              70           1
        SFR35            01180-011EF              70           1
        SFR36            01200-0126F              70           1
        SFR37            01280-012EF              70           1
        SFR38            01300-0136F              70           1
        SFR39            01380-013EF              70           1
        SFR4             00200-0021F              20           1
        SFR40            01400-0146F              70           1
        SFR41            01480-014EF              70           1
        SFR42            01500-0156F              70           1
        SFR43            01580-015EF              70           1
        SFR44            01600-0166F              70           1
        SFR45            01680-016EF              70           1
        SFR46            01700-0176F              70           1
        SFR47            01780-017EF              70           1
        SFR48            01800-0186F              70           1
        SFR49            01880-018EF              70           1
        SFR5             00280-0029F              20           1
        SFR50            01900-0196F              70           1
        SFR51            01980-019EF              70           1
        SFR52            01A00-01A6F              70           1
        SFR53            01A80-01AEF              70           1
        SFR54            01B00-01B6F              70           1
        SFR55            01B80-01BEF              70           1
        SFR56            01C00-01C6F              70           1
        SFR57            01C80-01CEF              70           1
        SFR58            01D00-01D6F              70           1
        SFR59            01D80-01DEF              70           1
        SFR6             00300-0031F              20           1
        SFR60            01E00-01E6F              70           1
        SFR61            01E80-01EEF              70           1
        SFR62            01F00-01F6F              70           1
        SFR63            01F80-01FEF              70           1
        SFR7             00380-0039F              20           1
        SFR8             00400-0041F              20           1
        SFR9             00480-0049F              20           1
        STACK            02038-027EF             7B8           1
        STRCODE          00004-00409             406           2
                         00820-03FFF            37E0
        STRING           00004-00409             100           2
                         00820-03FFF             100

                                  Symbol Table

DispWriteValue@_val                    cstackBANK0  00049
DispWriteValue@packets                 cstackBANK0  0004E
I2C2_CallbackReturnReset@funPtr        cstackCOMMON 00079
I2C2_Close@returnValue                 cstackCOMMON 00071
I2C2_MasterOperation@read              cstackBANK0  00041
I2C2_MasterOperation@returnValue       cstackBANK0  00042
I2C2_MasterSendTxData@data             cstackCOMMON 00070
I2C2_Open@address                      cstackCOMMON 00071
I2C2_Open@returnValue                  cstackCOMMON 00072
I2C2_SetBuffer@buffer                  cstackCOMMON 00073
I2C2_SetBuffer@bufferSize              cstackCOMMON 00070
I2C2_SetCallback@cb                    cstackCOMMON 00070
I2C2_SetCallback@idx                   cstackCOMMON 00074
I2C2_SetCallback@ptr                   cstackCOMMON 00072
I2C2_SetDataCompleteCallback@cb        cstackCOMMON 00075
I2C2_SetDataCompleteCallback@ptr       cstackCOMMON 00077
SendI2CData@_data                      cstackBANK0  00047
SendI2CData@_dataSize                  cstackBANK0  00043
SendI2CData@i                          cstackBANK0  00046
SendI2CData@result                     cstackBANK0  00048
_ANSELA                                (abs)        01F38
_ANSELB                                (abs)        01F43
_ANSELC                                (abs)        01F4E
_DispWriteValue                        text6        0079F
_I2C2_CallbackReturnReset              text37       0040C
_I2C2_CallbackReturnStop               text38       0040A
_I2C2_Close                            text50       00549
_I2C2_DO_ADDRESS_NACK                  text14       005D5
_I2C2_DO_IDLE                          text28       00436
_I2C2_DO_RCEN                          text23       00475
_I2C2_DO_RESET                         text15       0045E
_I2C2_DO_RX                            text24       00704
_I2C2_DO_RX_ACK                        text18       0044F
_I2C2_DO_RX_NACK_RESTART               text16       00459
_I2C2_DO_RX_NACK_STOP                  text17       00454
_I2C2_DO_SEND_ADR_READ                 text27       00484
_I2C2_DO_SEND_ADR_WRITE                text26       0047C
_I2C2_DO_SEND_RESTART                  text20       00445
_I2C2_DO_SEND_RESTART_READ             text22       0043B
_I2C2_DO_SEND_RESTART_WRITE            text21       00440
_I2C2_DO_SEND_STOP                     text19       0044A
_I2C2_DO_TX                            text25       0074A
_I2C2_DO_TX_EMPTY                      text29       0062E
_I2C2_Initialize                       text5        0048D
_I2C2_MasterClearIrq                   text53       0040E
_I2C2_MasterClose                      text52       00411
_I2C2_MasterDisableIrq                 text51       00414
_I2C2_MasterEnableRestart              text48       0041A
_I2C2_MasterFsm                        text13       005AA
_I2C2_MasterGetRxData                  text34       00423
_I2C2_MasterIsNack                     text31       00463
_I2C2_MasterOpen                       text9        004C3
_I2C2_MasterOperation                  text10       00565
_I2C2_MasterSendAck                    text33       0042D
_I2C2_MasterSendNack                   text35       00429
_I2C2_MasterSendTxData                 text32       00431
_I2C2_MasterSetIrq                     text30       00426
_I2C2_MasterStart                      text49       00417
_I2C2_MasterStartRx                    text36       00420
_I2C2_MasterStop                       text47       0041D
_I2C2_MasterWaitForEvent               text12       00469
_I2C2_Open                             text8        0068C
_I2C2_Poller                           text11       004B6
_I2C2_SetBuffer                        text46       004DD
_I2C2_SetCallback                      text45       00584
_I2C2_SetDataCompleteCallback          text44       004A9
_I2C2_Status                           bssBANK0     00020
_INLVLA                                (abs)        01F3C
_INLVLB                                (abs)        01F47
_INLVLC                                (abs)        01F52
_LATA                                  (abs)        00018
_LATB                                  (abs)        00019
_LATC                                  (abs)        0001A
_ODCONA                                (abs)        01F3A
_ODCONB                                (abs)        01F45
_ODCONC                                (abs)        01F50
_OSCCON1                               (abs)        0088D
_OSCCON3                               (abs)        0088F
_OSCEN                                 (abs)        00891
_OSCFRQ                                (abs)        00893
_OSCILLATOR_Initialize                 text4        00496
_OSCTUNE                               (abs)        00892
_PIE3bits                              (abs)        00719
_PIN_MANAGER_Initialize                text3        0065D
_PIR3bits                              (abs)        0070F
_PMD0                                  (abs)        00796
_PMD1                                  (abs)        00797
_PMD2                                  (abs)        00798
_PMD3                                  (abs)        00799
_PMD4                                  (abs)        0079A
_PMD5                                  (abs)        0079B
_PMD6                                  (abs)        0079C
_PMD7                                  (abs)        0079D
_PMD_Initialize                        text2        0049F
_PORTA                                 (abs)        0000C
_RA2                                   (abs)        00062
_RB5PPS                                (abs)        01F1D
_RB7PPS                                (abs)        01F1F
_SLRCONA                               (abs)        01F3B
_SLRCONB                               (abs)        01F46
_SLRCONC                               (abs)        01F51
_SSP2ADD                               (abs)        00197
_SSP2BUF                               (abs)        00196
_SSP2CLKPPS                            (abs)        01EC8
_SSP2CON1                              (abs)        0019A
_SSP2CON1bits                          (abs)        0019A
_SSP2CON2                              (abs)        0019B
_SSP2CON2bits                          (abs)        0019B
_SSP2DATPPS                            (abs)        01EC9
_SSP2STAT                              (abs)        00199
_SSP2STATbits                          (abs)        00199
_SYSTEM_Initialize                     text1        004D0
_SendI2CData                           text7        006C6
_TRISA                                 (abs)        00012
_TRISB                                 (abs)        00013
_TRISC                                 (abs)        00014
_WPUA                                  (abs)        01F39
_WPUB                                  (abs)        01F44
_WPUC                                  (abs)        01F4F
__CFG_BBEN$OFF                         (abs)        00000
__CFG_BBSIZE$BB512                     (abs)        00000
__CFG_BOREN$ON                         (abs)        00000
__CFG_BORV$LO                          (abs)        00000
__CFG_CLKOUTEN$OFF                     (abs)        00000
__CFG_CP$OFF                           (abs)        00000
__CFG_CSWEN$ON                         (abs)        00000
__CFG_FCMEN$ON                         (abs)        00000
__CFG_FEXTOSC$OFF                      (abs)        00000
__CFG_LPBOREN$OFF                      (abs)        00000
__CFG_LVP$ON                           (abs)        00000
__CFG_MCLRE$ON                         (abs)        00000
__CFG_PPS1WAY$ON                       (abs)        00000
__CFG_PWRTS$OFF                        (abs)        00000
__CFG_RSTOSC$HFINT1                    (abs)        00000
__CFG_SAFEN$OFF                        (abs)        00000
__CFG_STVREN$ON                        (abs)        00000
__CFG_WDTCCS$SC                        (abs)        00000
__CFG_WDTCPS$WDTCPS_31                 (abs)        00000
__CFG_WDTCWS$WDTCWS_7                  (abs)        00000
__CFG_WDTE$OFF                         (abs)        00000
__CFG_WRTAPP$OFF                       (abs)        00000
__CFG_WRTB$OFF                         (abs)        00000
__CFG_WRTC$OFF                         (abs)        00000
__CFG_WRTD$OFF                         (abs)        00000
__CFG_WRTSAF$OFF                       (abs)        00000
__CFG_ZCDDIS$OFF                       (abs)        00000
__Habs1                                abs1         00000
__Hbank0                               bank0        00000
__Hbank1                               bank1        00000
__Hbank10                              bank10       00000
__Hbank11                              bank11       00000
__Hbank12                              bank12       00000
__Hbank13                              bank13       00000
__Hbank14                              bank14       00000
__Hbank15                              bank15       00000
__Hbank16                              bank16       00000
__Hbank17                              bank17       00000
__Hbank18                              bank18       00000
__Hbank19                              bank19       00000
__Hbank2                               bank2        00000
__Hbank20                              bank20       00000
__Hbank21                              bank21       00000
__Hbank22                              bank22       00000
__Hbank23                              bank23       00000
__Hbank24                              bank24       00000
__Hbank25                              bank25       00000
__Hbank26                              bank26       00000
__Hbank27                              bank27       00000
__Hbank28                              bank28       00000
__Hbank29                              bank29       00000
__Hbank3                               bank3        00000
__Hbank30                              bank30       00000
__Hbank31                              bank31       00000
__Hbank32                              bank32       00000
__Hbank33                              bank33       00000
__Hbank34                              bank34       00000
__Hbank35                              bank35       00000
__Hbank36                              bank36       00000
__Hbank37                              bank37       00000
__Hbank38                              bank38       00000
__Hbank39                              bank39       00000
__Hbank4                               bank4        00000
__Hbank40                              bank40       00000
__Hbank41                              bank41       00000
__Hbank42                              bank42       00000
__Hbank43                              bank43       00000
__Hbank44                              bank44       00000
__Hbank45                              bank45       00000
__Hbank46                              bank46       00000
__Hbank47                              bank47       00000
__Hbank48                              bank48       00000
__Hbank49                              bank49       00000
__Hbank5                               bank5        00000
__Hbank50                              bank50       00000
__Hbank51                              bank51       00000
__Hbank52                              bank52       00000
__Hbank53                              bank53       00000
__Hbank54                              bank54       00000
__Hbank55                              bank55       00000
__Hbank56                              bank56       00000
__Hbank57                              bank57       00000
__Hbank58                              bank58       00000
__Hbank59                              bank59       00000
__Hbank6                               bank6        00000
__Hbank60                              bank60       00000
__Hbank61                              bank61       00000
__Hbank62                              bank62       00000
__Hbank63                              bank63       00000
__Hbank7                               bank7        00000
__Hbank8                               bank8        00000
__Hbank9                               bank9        00000
__Hbigram                              bigram       00000
__HbssBANK0                            bssBANK0     00000
__Hcinit                               cinit        00800
__Hclrtext                             clrtext      00000
__Hcode                                code         00000
__Hcommon                              common       00000
__Hconfig                              config       0800C
__HcstackBANK0                         cstackBANK0  00000
__HcstackCOMMON                        cstackCOMMON 00000
__Heeprom_data                         eeprom_data  00000
__Hend_init                            end_init     00004
__Hfunctab                             functab      00000
__Hidloc                               idloc        00000
__Hinit                                init         00002
__Hintentry                            intentry     00002
__Hmaintext                            maintext     00000
__Hpowerup                             powerup      00000
__Hram                                 ram          00000
__Hreset_vec                           reset_vec    00002
__Hsfr0                                sfr0         00000
__Hsfr1                                sfr1         00000
__Hsfr10                               sfr10        00000
__Hsfr11                               sfr11        00000
__Hsfr12                               sfr12        00000
__Hsfr13                               sfr13        00000
__Hsfr14                               sfr14        00000
__Hsfr15                               sfr15        00000
__Hsfr16                               sfr16        00000
__Hsfr17                               sfr17        00000
__Hsfr18                               sfr18        00000
__Hsfr19                               sfr19        00000
__Hsfr2                                sfr2         00000
__Hsfr20                               sfr20        00000
__Hsfr21                               sfr21        00000
__Hsfr22                               sfr22        00000
__Hsfr23                               sfr23        00000
__Hsfr24                               sfr24        00000
__Hsfr25                               sfr25        00000
__Hsfr26                               sfr26        00000
__Hsfr27                               sfr27        00000
__Hsfr28                               sfr28        00000
__Hsfr29                               sfr29        00000
__Hsfr3                                sfr3         00000
__Hsfr30                               sfr30        00000
__Hsfr31                               sfr31        00000
__Hsfr32                               sfr32        00000
__Hsfr33                               sfr33        00000
__Hsfr34                               sfr34        00000
__Hsfr35                               sfr35        00000
__Hsfr36                               sfr36        00000
__Hsfr37                               sfr37        00000
__Hsfr38                               sfr38        00000
__Hsfr39                               sfr39        00000
__Hsfr4                                sfr4         00000
__Hsfr40                               sfr40        00000
__Hsfr41                               sfr41        00000
__Hsfr42                               sfr42        00000
__Hsfr43                               sfr43        00000
__Hsfr44                               sfr44        00000
__Hsfr45                               sfr45        00000
__Hsfr46                               sfr46        00000
__Hsfr47                               sfr47        00000
__Hsfr48                               sfr48        00000
__Hsfr49                               sfr49        00000
__Hsfr5                                sfr5         00000
__Hsfr50                               sfr50        00000
__Hsfr51                               sfr51        00000
__Hsfr52                               sfr52        00000
__Hsfr53                               sfr53        00000
__Hsfr54                               sfr54        00000
__Hsfr55                               sfr55        00000
__Hsfr56                               sfr56        00000
__Hsfr57                               sfr57        00000
__Hsfr58                               sfr58        00000
__Hsfr59                               sfr59        00000
__Hsfr6                                sfr6         00000
__Hsfr60                               sfr60        00000
__Hsfr61                               sfr61        00000
__Hsfr62                               sfr62        00000
__Hsfr63                               sfr63        00000
__Hsfr7                                sfr7         00000
__Hsfr8                                sfr8         00000
__Hsfr9                                sfr9         00000
__Hspace_0                             (abs)        0800C
__Hspace_1                             (abs)        0007E
__Hspace_2                             (abs)        00000
__Hspace_3                             (abs)        00000
__Hstack                               stack        00000
__Hstrings                             strings      00000
__Hstringtext1                         stringtext1  00000
__Htext                                text         00000
__Labs1                                abs1         00000
__Lbank0                               bank0        00000
__Lbank1                               bank1        00000
__Lbank10                              bank10       00000
__Lbank11                              bank11       00000
__Lbank12                              bank12       00000
__Lbank13                              bank13       00000
__Lbank14                              bank14       00000
__Lbank15                              bank15       00000
__Lbank16                              bank16       00000
__Lbank17                              bank17       00000
__Lbank18                              bank18       00000
__Lbank19                              bank19       00000
__Lbank2                               bank2        00000
__Lbank20                              bank20       00000
__Lbank21                              bank21       00000
__Lbank22                              bank22       00000
__Lbank23                              bank23       00000
__Lbank24                              bank24       00000
__Lbank25                              bank25       00000
__Lbank26                              bank26       00000
__Lbank27                              bank27       00000
__Lbank28                              bank28       00000
__Lbank29                              bank29       00000
__Lbank3                               bank3        00000
__Lbank30                              bank30       00000
__Lbank31                              bank31       00000
__Lbank32                              bank32       00000
__Lbank33                              bank33       00000
__Lbank34                              bank34       00000
__Lbank35                              bank35       00000
__Lbank36                              bank36       00000
__Lbank37                              bank37       00000
__Lbank38                              bank38       00000
__Lbank39                              bank39       00000
__Lbank4                               bank4        00000
__Lbank40                              bank40       00000
__Lbank41                              bank41       00000
__Lbank42                              bank42       00000
__Lbank43                              bank43       00000
__Lbank44                              bank44       00000
__Lbank45                              bank45       00000
__Lbank46                              bank46       00000
__Lbank47                              bank47       00000
__Lbank48                              bank48       00000
__Lbank49                              bank49       00000
__Lbank5                               bank5        00000
__Lbank50                              bank50       00000
__Lbank51                              bank51       00000
__Lbank52                              bank52       00000
__Lbank53                              bank53       00000
__Lbank54                              bank54       00000
__Lbank55                              bank55       00000
__Lbank56                              bank56       00000
__Lbank57                              bank57       00000
__Lbank58                              bank58       00000
__Lbank59                              bank59       00000
__Lbank6                               bank6        00000
__Lbank60                              bank60       00000
__Lbank61                              bank61       00000
__Lbank62                              bank62       00000
__Lbank63                              bank63       00000
__Lbank7                               bank7        00000
__Lbank8                               bank8        00000
__Lbank9                               bank9        00000
__Lbigram                              bigram       00000
__LbssBANK0                            bssBANK0     00000
__Lcinit                               cinit        007F5
__Lclrtext                             clrtext      00000
__Lcode                                code         00000
__Lcommon                              common       00000
__Lconfig                              config       08007
__LcstackBANK0                         cstackBANK0  00000
__LcstackCOMMON                        cstackCOMMON 00000
__Leeprom_data                         eeprom_data  00000
__Lend_init                            end_init     00002
__Lfunctab                             functab      00000
__Lidloc                               idloc        00000
__Linit                                init         00002
__Lintentry                            intentry     00002
__Lmaintext                            maintext     00000
__Lpowerup                             powerup      00000
__Lram                                 ram          00000
__Lreset_vec                           reset_vec    00000
__Lsfr0                                sfr0         00000
__Lsfr1                                sfr1         00000
__Lsfr10                               sfr10        00000
__Lsfr11                               sfr11        00000
__Lsfr12                               sfr12        00000
__Lsfr13                               sfr13        00000
__Lsfr14                               sfr14        00000
__Lsfr15                               sfr15        00000
__Lsfr16                               sfr16        00000
__Lsfr17                               sfr17        00000
__Lsfr18                               sfr18        00000
__Lsfr19                               sfr19        00000
__Lsfr2                                sfr2         00000
__Lsfr20                               sfr20        00000
__Lsfr21                               sfr21        00000
__Lsfr22                               sfr22        00000
__Lsfr23                               sfr23        00000
__Lsfr24                               sfr24        00000
__Lsfr25                               sfr25        00000
__Lsfr26                               sfr26        00000
__Lsfr27                               sfr27        00000
__Lsfr28                               sfr28        00000
__Lsfr29                               sfr29        00000
__Lsfr3                                sfr3         00000
__Lsfr30                               sfr30        00000
__Lsfr31                               sfr31        00000
__Lsfr32                               sfr32        00000
__Lsfr33                               sfr33        00000
__Lsfr34                               sfr34        00000
__Lsfr35                               sfr35        00000
__Lsfr36                               sfr36        00000
__Lsfr37                               sfr37        00000
__Lsfr38                               sfr38        00000
__Lsfr39                               sfr39        00000
__Lsfr4                                sfr4         00000
__Lsfr40                               sfr40        00000
__Lsfr41                               sfr41        00000
__Lsfr42                               sfr42        00000
__Lsfr43                               sfr43        00000
__Lsfr44                               sfr44        00000
__Lsfr45                               sfr45        00000
__Lsfr46                               sfr46        00000
__Lsfr47                               sfr47        00000
__Lsfr48                               sfr48        00000
__Lsfr49                               sfr49        00000
__Lsfr5                                sfr5         00000
__Lsfr50                               sfr50        00000
__Lsfr51                               sfr51        00000
__Lsfr52                               sfr52        00000
__Lsfr53                               sfr53        00000
__Lsfr54                               sfr54        00000
__Lsfr55                               sfr55        00000
__Lsfr56                               sfr56        00000
__Lsfr57                               sfr57        00000
__Lsfr58                               sfr58        00000
__Lsfr59                               sfr59        00000
__Lsfr6                                sfr6         00000
__Lsfr60                               sfr60        00000
__Lsfr61                               sfr61        00000
__Lsfr62                               sfr62        00000
__Lsfr63                               sfr63        00000
__Lsfr7                                sfr7         00000
__Lsfr8                                sfr8         00000
__Lsfr9                                sfr9         00000
__Lspace_0                             (abs)        00000
__Lspace_1                             (abs)        00000
__Lspace_2                             (abs)        00000
__Lspace_3                             (abs)        00000
__Lstack                               stack        00000
__Lstrings                             strings      00000
__Lstringtext1                         stringtext1  00000
__Ltext                                text         00000
__S0                                   (abs)        0800C
__S1                                   (abs)        0007E
__S2                                   (abs)        00000
__S3                                   (abs)        00000
___int_sp                              stack        00000
___latbits                             (abs)        00003
___sp                                  stack        00000
___stackhi                             (abs)        027EF
___stacklo                             (abs)        02038
__end_of_DispWriteValue                text6        007F5
__end_of_I2C2_CallbackReturnReset      text37       0040E
__end_of_I2C2_CallbackReturnStop       text38       0040C
__end_of_I2C2_Close                    text50       00565
__end_of_I2C2_DO_ADDRESS_NACK          text14       00601
__end_of_I2C2_DO_IDLE                  text28       0043B
__end_of_I2C2_DO_RCEN                  text23       0047C
__end_of_I2C2_DO_RESET                 text15       00463
__end_of_I2C2_DO_RX                    text24       0074A
__end_of_I2C2_DO_RX_ACK                text18       00454
__end_of_I2C2_DO_RX_NACK_RESTART       text16       0045E
__end_of_I2C2_DO_RX_NACK_STOP          text17       00459
__end_of_I2C2_DO_SEND_ADR_READ         text27       0048D
__end_of_I2C2_DO_SEND_ADR_WRITE        text26       00484
__end_of_I2C2_DO_SEND_RESTART          text20       0044A
__end_of_I2C2_DO_SEND_RESTART_READ     text22       00440
__end_of_I2C2_DO_SEND_RESTART_WRITE    text21       00445
__end_of_I2C2_DO_SEND_STOP             text19       0044F
__end_of_I2C2_DO_TX                    text25       0079F
__end_of_I2C2_DO_TX_EMPTY              text29       0065D
__end_of_I2C2_Initialize               text5        00496
__end_of_I2C2_MasterClearIrq           text53       00411
__end_of_I2C2_MasterClose              text52       00414
__end_of_I2C2_MasterDisableIrq         text51       00417
__end_of_I2C2_MasterEnableRestart      text48       0041D
__end_of_I2C2_MasterFsm                text13       005D5
__end_of_I2C2_MasterGetRxData          text34       00426
__end_of_I2C2_MasterIsNack             text31       00469
__end_of_I2C2_MasterOpen               text9        004D0
__end_of_I2C2_MasterOperation          text10       00584
__end_of_I2C2_MasterSendAck            text33       00431
__end_of_I2C2_MasterSendNack           text35       0042D
__end_of_I2C2_MasterSendTxData         text32       00436
__end_of_I2C2_MasterSetIrq             text30       00429
__end_of_I2C2_MasterStart              text49       0041A
__end_of_I2C2_MasterStartRx            text36       00423
__end_of_I2C2_MasterStop               text47       00420
__end_of_I2C2_MasterWaitForEvent       text12       0046F
__end_of_I2C2_Open                     text8        006C6
__end_of_I2C2_Poller                   text11       004C3
__end_of_I2C2_SetBuffer                text46       004ED
__end_of_I2C2_SetCallback              text45       005AA
__end_of_I2C2_SetDataCompleteCallback  text44       004B6
__end_of_OSCILLATOR_Initialize         text4        0049F
__end_of_PIN_MANAGER_Initialize        text3        0068C
__end_of_PMD_Initialize                text2        004A9
__end_of_SYSTEM_Initialize             text1        004DD
__end_of_SendI2CData                   text7        00704
__end_of__initialization               cinit        007FD
__end_of_fsmStateTable                 stringtext1  00820
__end_of_main                          maintext     0062E
__end_of_rd1RegCompleteHandler         text42       0050F
__end_of_rd2RegCompleteHandler         text41       00520
__end_of_rdBlkRegCompleteHandler       text39       00549
__end_of_wr1RegCompleteHandler         text40       00531
__end_of_wr2RegCompleteHandler         text43       004FE
__initialization                       cinit        007F5
__pbssBANK0                            bssBANK0     00020
__pcstackBANK0                         cstackBANK0  0003E
__pcstackCOMMON                        cstackCOMMON 00070
__pmaintext                            maintext     00601
__pstringtext1                         stringtext1  00800
__ptext1                               text1        004D0
__ptext10                              text10       00565
__ptext11                              text11       004B6
__ptext12                              text12       00469
__ptext13                              text13       005AA
__ptext14                              text14       005D5
__ptext15                              text15       0045E
__ptext16                              text16       00459
__ptext17                              text17       00454
__ptext18                              text18       0044F
__ptext19                              text19       0044A
__ptext2                               text2        0049F
__ptext20                              text20       00445
__ptext21                              text21       00440
__ptext22                              text22       0043B
__ptext23                              text23       00475
__ptext24                              text24       00704
__ptext25                              text25       0074A
__ptext26                              text26       0047C
__ptext27                              text27       00484
__ptext28                              text28       00436
__ptext29                              text29       0062E
__ptext3                               text3        0065D
__ptext30                              text30       00426
__ptext31                              text31       00463
__ptext32                              text32       00431
__ptext33                              text33       0042D
__ptext34                              text34       00423
__ptext35                              text35       00429
__ptext36                              text36       00420
__ptext37                              text37       0040C
__ptext38                              text38       0040A
__ptext39                              text39       00531
__ptext4                               text4        00496
__ptext40                              text40       00520
__ptext41                              text41       0050F
__ptext42                              text42       004FE
__ptext43                              text43       004ED
__ptext44                              text44       004A9
__ptext45                              text45       00584
__ptext46                              text46       004DD
__ptext47                              text47       0041D
__ptext48                              text48       0041A
__ptext49                              text49       00417
__ptext5                               text5        0048D
__ptext50                              text50       00549
__ptext51                              text51       00414
__ptext52                              text52       00411
__ptext53                              text53       0040E
__ptext6                               text6        0079F
__ptext7                               text7        006C6
__ptext8                               text8        0068C
__ptext9                               text9        004C3
__size_of_DispWriteValue               (abs)        00000
__size_of_I2C2_CallbackReturnReset     (abs)        00000
__size_of_I2C2_CallbackReturnStop      (abs)        00000
__size_of_I2C2_Close                   (abs)        00000
__size_of_I2C2_DO_ADDRESS_NACK         (abs)        00000
__size_of_I2C2_DO_IDLE                 (abs)        00000
__size_of_I2C2_DO_RCEN                 (abs)        00000
__size_of_I2C2_DO_RESET                (abs)        00000
__size_of_I2C2_DO_RX                   (abs)        00000
__size_of_I2C2_DO_RX_ACK               (abs)        00000
__size_of_I2C2_DO_RX_NACK_RESTART      (abs)        00000
__size_of_I2C2_DO_RX_NACK_STOP         (abs)        00000
__size_of_I2C2_DO_SEND_ADR_READ        (abs)        00000
__size_of_I2C2_DO_SEND_ADR_WRITE       (abs)        00000
__size_of_I2C2_DO_SEND_RESTART         (abs)        00000
__size_of_I2C2_DO_SEND_RESTART_READ    (abs)        00000
__size_of_I2C2_DO_SEND_RESTART_WRITE   (abs)        00000
__size_of_I2C2_DO_SEND_STOP            (abs)        00000
__size_of_I2C2_DO_TX                   (abs)        00000
__size_of_I2C2_DO_TX_EMPTY             (abs)        00000
__size_of_I2C2_Initialize              (abs)        00000
__size_of_I2C2_MasterClearIrq          (abs)        00000
__size_of_I2C2_MasterClose             (abs)        00000
__size_of_I2C2_MasterDisableIrq        (abs)        00000
__size_of_I2C2_MasterEnableRestart     (abs)        00000
__size_of_I2C2_MasterFsm               (abs)        00000
__size_of_I2C2_MasterGetRxData         (abs)        00000
__size_of_I2C2_MasterIsNack            (abs)        00000
__size_of_I2C2_MasterOpen              (abs)        00000
__size_of_I2C2_MasterOperation         (abs)        00000
__size_of_I2C2_MasterSendAck           (abs)        00000
__size_of_I2C2_MasterSendNack          (abs)        00000
__size_of_I2C2_MasterSendTxData        (abs)        00000
__size_of_I2C2_MasterSetIrq            (abs)        00000
__size_of_I2C2_MasterStart             (abs)        00000
__size_of_I2C2_MasterStartRx           (abs)        00000
__size_of_I2C2_MasterStop              (abs)        00000
__size_of_I2C2_MasterWaitForEvent      (abs)        00000
__size_of_I2C2_Open                    (abs)        00000
__size_of_I2C2_Poller                  (abs)        00000
__size_of_I2C2_SetBuffer               (abs)        00000
__size_of_I2C2_SetCallback             (abs)        00000
__size_of_I2C2_SetDataCompleteCallback (abs)        00000
__size_of_OSCILLATOR_Initialize        (abs)        00000
__size_of_PIN_MANAGER_Initialize       (abs)        00000
__size_of_PMD_Initialize               (abs)        00000
__size_of_SYSTEM_Initialize            (abs)        00000
__size_of_SendI2CData                  (abs)        00000
__size_of_main                         (abs)        00000
__size_of_rd1RegCompleteHandler        (abs)        00000
__size_of_rd2RegCompleteHandler        (abs)        00000
__size_of_rdBlkRegCompleteHandler      (abs)        00000
__size_of_wr1RegCompleteHandler        (abs)        00000
__size_of_wr2RegCompleteHandler        (abs)        00000
_fsmStateTable                         stringtext1  00800
_i                                     bssBANK0     0003D
_main                                  maintext     00601
_rd1RegCompleteHandler                 text42       004FE
_rd2RegCompleteHandler                 text41       0050F
_rdBlkRegCompleteHandler               text39       00531
_wr1RegCompleteHandler                 text40       00520
_wr2RegCompleteHandler                 text43       004ED
btemp                                  (abs)        0007E
clear_ram0                             clrtext      0046F
end_of_initialization                  cinit        007FD
intlevel0                              functab      00000
intlevel1                              functab      00000
intlevel2                              functab      00000
intlevel3                              functab      00000
intlevel4                              functab      00000
intlevel5                              functab      00000
rd1RegCompleteHandler@ptr              cstackCOMMON 00079
rd2RegCompleteHandler@ptr              cstackCOMMON 00079
rdBlkRegCompleteHandler@ptr            cstackCOMMON 00079
reset_vec                              reset_vec    00000
start                                  init         00002
start_initialization                   cinit        007F5
wr1RegCompleteHandler@ptr              cstackCOMMON 00079
wr2RegCompleteHandler@ptr              cstackCOMMON 00079
wtemp0                                 (abs)        0007E


FUNCTION INFORMATION:

 *************** function _main *****************
 Defined at:
		line 5 in file "main.c"
 Parameters:    Size  Location     Type
		None
 Auto vars:     Size  Location     Type
		None
 Return value:  Size  Location     Type
                  1    wreg      void 
 Registers used:
		wreg, fsr0l, fsr0h, fsr1l, fsr1h, status,2, status,0, pclath, cstack
 Tracked objects:
		On entry : 
		On exit  : 
		Unchanged: 
 Data sizes:     COMMON   BANK0   BANK1   BANK2   BANK3   BANK4   BANK5   BANK6   BANK7   BANK8   BANK9  BANK10  BANK11  BANK12  BANK13  BANK14  BANK15  BANK16  BANK17  BANK18  BANK19  BANK20  BANK21  BANK22  BANK23  BANK24  BANK25
      Params:         0       0       0       0       0       0       0       0       0       0       0       0       0       0       0       0       0       0       0       0       0       0       0       0       0       0       0
      Locals:         0       0       0       0       0       0       0       0       0       0       0       0       0       0       0       0       0       0       0       0       0       0       0       0       0       0       0
      Temps:          0       2       0       0       0       0       0       0       0       0       0       0       0       0       0       0       0       0       0       0       0       0       0       0       0       0       0
      Totals:         0       2       0       0       0       0       0       0       0       0       0       0       0       0       0       0       0       0       0       0       0       0       0       0       0       0       0
Total ram usage:        2 bytes
 Hardware stack levels required when called:    9
 This function calls:
		_DispWriteValue
		_SYSTEM_Initialize
 This function is called by:
		Startup code after reset
 This function uses a non-reentrant model


 *************** function _SYSTEM_Initialize *****************
 Defined at:
		line 50 in file "mcc_generated_files/mcc.c"
 Parameters:    Size  Location     Type
		None
 Auto vars:     Size  Location     Type
		None
 Return value:  Size  Location     Type
                  1    wreg      void 
 Registers used:
		wreg, status,2, status,0, pclath, cstack
 Tracked objects:
		On entry : 
		On exit  : 
		Unchanged: 
 Data sizes:     COMMON   BANK0   BANK1   BANK2   BANK3   BANK4   BANK5   BANK6   BANK7   BANK8   BANK9  BANK10  BANK11  BANK12  BANK13  BANK14  BANK15  BANK16  BANK17  BANK18  BANK19  BANK20  BANK21  BANK22  BANK23  BANK24  BANK25
      Params:         0       0       0       0       0       0       0       0       0       0       0       0       0       0       0       0       0       0       0       0       0       0       0       0       0       0       0
      Locals:         0       0       0       0       0       0       0       0       0       0       0       0       0       0       0       0       0       0       0       0       0       0       0       0       0       0       0
      Temps:          0       0       0       0       0       0       0       0       0       0       0       0       0       0       0       0       0       0       0       0       0       0       0       0       0       0       0
      Totals:         0       0       0       0       0       0       0       0       0       0       0       0       0       0       0       0       0       0       0       0       0       0       0       0       0       0       0
Total ram usage:        0 bytes
 Hardware stack levels used:    1
 Hardware stack levels required when called:    1
 This function calls:
		_I2C2_Initialize
		_OSCILLATOR_Initialize
		_PIN_MANAGER_Initialize
		_PMD_Initialize
 This function is called by:
		_main
 This function uses a non-reentrant model


 *************** function _PMD_Initialize *****************
 Defined at:
		line 72 in file "mcc_generated_files/mcc.c"
 Parameters:    Size  Location     Type
		None
 Auto vars:     Size  Location     Type
		None
 Return value:  Size  Location     Type
                  1    wreg      void 
 Registers used:
		status,2
 Tracked objects:
		On entry : 
		On exit  : 
		Unchanged: 
 Data sizes:     COMMON   BANK0   BANK1   BANK2   BANK3   BANK4   BANK5   BANK6   BANK7   BANK8   BANK9  BANK10  BANK11  BANK12  BANK13  BANK14  BANK15  BANK16  BANK17  BANK18  BANK19  BANK20  BANK21  BANK22  BANK23  BANK24  BANK25
      Params:         0       0       0       0       0       0       0       0       0       0       0       0       0       0       0       0       0       0       0       0       0       0       0       0       0       0       0
      Locals:         0       0       0       0       0       0       0       0       0       0       0       0       0       0       0       0       0       0       0       0       0       0       0       0       0       0       0
      Temps:          0       0       0       0       0       0       0       0       0       0       0       0       0       0       0       0       0       0       0       0       0       0       0       0       0       0       0
      Totals:         0       0       0       0       0       0       0       0       0       0       0       0       0       0       0       0       0       0       0       0       0       0       0       0       0       0       0
Total ram usage:        0 bytes
 Hardware stack levels used:    1
 This function calls:
		Nothing
 This function is called by:
		_SYSTEM_Initialize
 This function uses a non-reentrant model


 *************** function _PIN_MANAGER_Initialize *****************
 Defined at:
		line 55 in file "mcc_generated_files/pin_manager.c"
 Parameters:    Size  Location     Type
		None
 Auto vars:     Size  Location     Type
		None
 Return value:  Size  Location     Type
                  1    wreg      void 
 Registers used:
		wreg, status,2
 Tracked objects:
		On entry : 
		On exit  : 
		Unchanged: 
 Data sizes:     COMMON   BANK0   BANK1   BANK2   BANK3   BANK4   BANK5   BANK6   BANK7   BANK8   BANK9  BANK10  BANK11  BANK12  BANK13  BANK14  BANK15  BANK16  BANK17  BANK18  BANK19  BANK20  BANK21  BANK22  BANK23  BANK24  BANK25
      Params:         0       0       0       0       0       0       0       0       0       0       0       0       0       0       0       0       0       0       0       0       0       0       0       0       0       0       0
      Locals:         0       0       0       0       0       0       0       0       0       0       0       0       0       0       0       0       0       0       0       0       0       0       0       0       0       0       0
      Temps:          0       0       0       0       0       0       0       0       0       0       0       0       0       0       0       0       0       0       0       0       0       0       0       0       0       0       0
      Totals:         0       0       0       0       0       0       0       0       0       0       0       0       0       0       0       0       0       0       0       0       0       0       0       0       0       0       0
Total ram usage:        0 bytes
 Hardware stack levels used:    1
 This function calls:
		Nothing
 This function is called by:
		_SYSTEM_Initialize
 This function uses a non-reentrant model


 *************** function _OSCILLATOR_Initialize *****************
 Defined at:
[...]
      Temps:          1       0       0       0       0       0       0       0       0       0       0       0       0       0       0       0       0       0       0       0       0       0       0       0       0       0       0
      Totals:         5       0       0       0       0       0       0       0       0       0       0       0       0       0       0       0       0       0       0       0       0       0       0       0       0       0       0
Total ram usage:        5 bytes
 Hardware stack levels used:    1
 This function calls:
		Nothing
 This function is called by:
		_I2C2_SetDataCompleteCallback
		_I2C2_SetWriteCollisionCallback
		_I2C2_SetAddressNackCallback
		_I2C2_SetDataNackCallback
		_I2C2_SetTimeoutCallback
 This function uses a non-reentrant model


 *************** function _I2C2_SetBuffer *****************
 Defined at:
		line 263 in file "mcc_generated_files/i2c2_master.c"
 Parameters:    Size  Location     Type
  buffer          1    wreg     PTR void 
		 -> DispWriteValue@packets(8), I2C2_ReadDataBlock@reg(1), I2C2_ReadDataBlock@bufferBlock(3), I2C2_Write2ByteRegister@reg(1), 
		 -> I2C2_Write2ByteRegister@data(2), I2C2_Write1ByteRegister@reg(1), I2C2_Write1ByteRegister@data(1), I2C2_Read2ByteRegister@reg(1), 
		 -> I2C2_Read2ByteRegister@returnValue(2), NULL(0), I2C2_Read1ByteRegister@reg(1), I2C2_Read1ByteRegister@returnValue(1), 
  bufferSize      2    0[COMMON] unsigned int 
 Auto vars:     Size  Location     Type
  buffer          1    3[COMMON] PTR void 
		 -> DispWriteValue@packets(8), I2C2_ReadDataBlock@reg(1), I2C2_ReadDataBlock@bufferBlock(3), I2C2_Write2ByteRegister@reg(1), 
		 -> I2C2_Write2ByteRegister@data(2), I2C2_Write1ByteRegister@reg(1), I2C2_Write1ByteRegister@data(1), I2C2_Read2ByteRegister@reg(1), 
		 -> I2C2_Read2ByteRegister@returnValue(2), NULL(0), I2C2_Read1ByteRegister@reg(1), I2C2_Read1ByteRegister@returnValue(1), 
 Return value:  Size  Location     Type
                  1    wreg      void 
 Registers used:
		wreg
 Tracked objects:
		On entry : 
		On exit  : 
		Unchanged: 
 Data sizes:     COMMON   BANK0   BANK1   BANK2   BANK3   BANK4   BANK5   BANK6   BANK7   BANK8   BANK9  BANK10  BANK11  BANK12  BANK13  BANK14  BANK15  BANK16  BANK17  BANK18  BANK19  BANK20  BANK21  BANK22  BANK23  BANK24  BANK25
      Params:         2       0       0       0       0       0       0       0       0       0       0       0       0       0       0       0       0       0       0       0       0       0       0       0       0       0       0
      Locals:         1       0       0       0       0       0       0       0       0       0       0       0       0       0       0       0       0       0       0       0       0       0       0       0       0       0       0
      Temps:          1       0       0       0       0       0       0       0       0       0       0       0       0       0       0       0       0       0       0       0       0       0       0       0       0       0       0
      Totals:         4       0       0       0       0       0       0       0       0       0       0       0       0       0       0       0       0       0       0       0       0       0       0       0       0       0       0
Total ram usage:        4 bytes
 Hardware stack levels used:    1
 This function calls:
		Nothing
 This function is called by:
		_rd1RegCompleteHandler
		_rd2RegCompleteHandler
		_wr1RegCompleteHandler
		_wr2RegCompleteHandler
		_rdBlkRegCompleteHandler
		_SendI2CData
		_I2C2_Read1ByteRegister
		_I2C2_Read2ByteRegister
		_I2C2_Write1ByteRegister
		_I2C2_Write2ByteRegister
		_I2C2_WriteNBytes
		_I2C2_ReadNBytes
		_I2C2_ReadDataBlock
 This function uses a non-reentrant model


 *************** function _I2C2_MasterStop *****************
 Defined at:
		line 593 in file "mcc_generated_files/i2c2_master.c"
 Parameters:    Size  Location     Type
		None
 Auto vars:     Size  Location     Type
		None
 Return value:  Size  Location     Type
                  1    wreg      void 
 Registers used:
		None
 Tracked objects:
		On entry : 
		On exit  : 
		Unchanged: 
 Data sizes:     COMMON   BANK0   BANK1   BANK2   BANK3   BANK4   BANK5   BANK6   BANK7   BANK8   BANK9  BANK10  BANK11  BANK12  BANK13  BANK14  BANK15  BANK16  BANK17  BANK18  BANK19  BANK20  BANK21  BANK22  BANK23  BANK24  BANK25
      Params:         0       0       0       0       0       0       0       0       0       0       0       0       0       0       0       0       0       0       0       0       0       0       0       0       0       0       0
      Locals:         0       0       0       0       0       0       0       0       0       0       0       0       0       0       0       0       0       0       0       0       0       0       0       0       0       0       0
      Temps:          0       0       0       0       0       0       0       0       0       0       0       0       0       0       0       0       0       0       0       0       0       0       0       0       0       0       0
      Totals:         0       0       0       0       0       0       0       0       0       0       0       0       0       0       0       0       0       0       0       0       0       0       0       0       0       0       0
Total ram usage:        0 bytes
 Hardware stack levels used:    1
 This function calls:
		Nothing
 This function is called by:
		_I2C2_DO_SEND_STOP
 This function uses a non-reentrant model


 *************** function _I2C2_MasterEnableRestart *****************
 Defined at:
		line 573 in file "mcc_generated_files/i2c2_master.c"
 Parameters:    Size  Location     Type
		None
 Auto vars:     Size  Location     Type
		None
 Return value:  Size  Location     Type
                  1    wreg      void 
 Registers used:
		None
 Tracked objects:
		On entry : 
		On exit  : 
		Unchanged: 
 Data sizes:     COMMON   BANK0   BANK1   BANK2   BANK3   BANK4   BANK5   BANK6   BANK7   BANK8   BANK9  BANK10  BANK11  BANK12  BANK13  BANK14  BANK15  BANK16  BANK17  BANK18  BANK19  BANK20  BANK21  BANK22  BANK23  BANK24  BANK25
      Params:         0       0       0       0       0       0       0       0       0       0       0       0       0       0       0       0       0       0       0       0       0       0       0       0       0       0       0
      Locals:         0       0       0       0       0       0       0       0       0       0       0       0       0       0       0       0       0       0       0       0       0       0       0       0       0       0       0
      Temps:          0       0       0       0       0       0       0       0       0       0       0       0       0       0       0       0       0       0       0       0       0       0       0       0       0       0       0
      Totals:         0       0       0       0       0       0       0       0       0       0       0       0       0       0       0       0       0       0       0       0       0       0       0       0       0       0       0
Total ram usage:        0 bytes
 Hardware stack levels used:    1
 This function calls:
		Nothing
 This function is called by:
		_I2C2_DO_SEND_RESTART_READ
		_I2C2_DO_SEND_RESTART_WRITE
		_I2C2_DO_SEND_RESTART
		_I2C2_DO_RX_EMPTY
 This function uses a non-reentrant model


 *************** function _I2C2_MasterStart *****************
 Defined at:
		line 588 in file "mcc_generated_files/i2c2_master.c"
 Parameters:    Size  Location     Type
		None
 Auto vars:     Size  Location     Type
		None
 Return value:  Size  Location     Type
                  1    wreg      void 
 Registers used:
		None
 Tracked objects:
		On entry : 
		On exit  : 
		Unchanged: 
 Data sizes:     COMMON   BANK0   BANK1   BANK2   BANK3   BANK4   BANK5   BANK6   BANK7   BANK8   BANK9  BANK10  BANK11  BANK12  BANK13  BANK14  BANK15  BANK16  BANK17  BANK18  BANK19  BANK20  BANK21  BANK22  BANK23  BANK24  BANK25
      Params:         0       0       0       0       0       0       0       0       0       0       0       0       0       0       0       0       0       0       0       0       0       0       0       0       0       0       0
      Locals:         0       0       0       0       0       0       0       0       0       0       0       0       0       0       0       0       0       0       0       0       0       0       0       0       0       0       0
      Temps:          0       0       0       0       0       0       0       0       0       0       0       0       0       0       0       0       0       0       0       0       0       0       0       0       0       0       0
      Totals:         0       0       0       0       0       0       0       0       0       0       0       0       0       0       0       0       0       0       0       0       0       0       0       0       0       0       0
Total ram usage:        0 bytes
 Hardware stack levels used:    1
 This function calls:
		Nothing
 This function is called by:
		_I2C2_MasterOperation
 This function uses a non-reentrant model


 *************** function _I2C2_Close *****************
 Defined at:
		line 209 in file "mcc_generated_files/i2c2_master.c"
 Parameters:    Size  Location     Type
		None
 Auto vars:     Size  Location     Type
  returnValue     1    1[COMMON] enum E353
 Return value:  Size  Location     Type
                  1    wreg      enum E353
 Registers used:
		wreg, status,2, status,0, pclath, cstack
 Tracked objects:
		On entry : 
		On exit  : 
		Unchanged: 
 Data sizes:     COMMON   BANK0   BANK1   BANK2   BANK3   BANK4   BANK5   BANK6   BANK7   BANK8   BANK9  BANK10  BANK11  BANK12  BANK13  BANK14  BANK15  BANK16  BANK17  BANK18  BANK19  BANK20  BANK21  BANK22  BANK23  BANK24  BANK25
      Params:         0       0       0       0       0       0       0       0       0       0       0       0       0       0       0       0       0       0       0       0       0       0       0       0       0       0       0
      Locals:         1       0       0       0       0       0       0       0       0       0       0       0       0       0       0       0       0       0       0       0       0       0       0       0       0       0       0
      Temps:          1       0       0       0       0       0       0       0       0       0       0       0       0       0       0       0       0       0       0       0       0       0       0       0       0       0       0
      Totals:         2       0       0       0       0       0       0       0       0       0       0       0       0       0       0       0       0       0       0       0       0       0       0       0       0       0       0
Total ram usage:        2 bytes
 Hardware stack levels used:    1
 Hardware stack levels required when called:    1
 This function calls:
		_I2C2_MasterClearIrq
		_I2C2_MasterClose
		_I2C2_MasterDisableIrq
 This function is called by:
		_SendI2CData
		_I2C2_Read1ByteRegister
		_I2C2_Read2ByteRegister
		_I2C2_Write1ByteRegister
		_I2C2_Write2ByteRegister
		_I2C2_WriteNBytes
		_I2C2_ReadNBytes
		_I2C2_ReadDataBlock
 This function uses a non-reentrant model


 *************** function _I2C2_MasterDisableIrq *****************
 Defined at:
		line 635 in file "mcc_generated_files/i2c2_master.c"
 Parameters:    Size  Location     Type
		None
 Auto vars:     Size  Location     Type
		None
 Return value:  Size  Location     Type
                  1    wreg      void 
 Registers used:
		None
 Tracked objects:
		On entry : 
		On exit  : 
		Unchanged: 
 Data sizes:     COMMON   BANK0   BANK1   BANK2   BANK3   BANK4   BANK5   BANK6   BANK7   BANK8   BANK9  BANK10  BANK11  BANK12  BANK13  BANK14  BANK15  BANK16  BANK17  BANK18  BANK19  BANK20  BANK21  BANK22  BANK23  BANK24  BANK25
      Params:         0       0       0       0       0       0       0       0       0       0       0       0       0       0       0       0       0       0       0       0       0       0       0       0       0       0       0
      Locals:         0       0       0       0       0       0       0       0       0       0       0       0       0       0       0       0       0       0       0       0       0       0       0       0       0       0       0
      Temps:          0       0       0       0       0       0       0       0       0       0       0       0       0       0       0       0       0       0       0       0       0       0       0       0       0       0       0
      Totals:         0       0       0       0       0       0       0       0       0       0       0       0       0       0       0       0       0       0       0       0       0       0       0       0       0       0       0
Total ram usage:        0 bytes
 Hardware stack levels used:    1
 This function calls:
		Nothing
 This function is called by:
		_I2C2_Close
		_I2C2_SetTimeOut
 This function uses a non-reentrant model


 *************** function _I2C2_MasterClose *****************
 Defined at:
		line 557 in file "mcc_generated_files/i2c2_master.c"
 Parameters:    Size  Location     Type
		None
 Auto vars:     Size  Location     Type
		None
 Return value:  Size  Location     Type
                  1    wreg      void 
 Registers used:
		None
 Tracked objects:
		On entry : 
		On exit  : 
		Unchanged: 
 Data sizes:     COMMON   BANK0   BANK1   BANK2   BANK3   BANK4   BANK5   BANK6   BANK7   BANK8   BANK9  BANK10  BANK11  BANK12  BANK13  BANK14  BANK15  BANK16  BANK17  BANK18  BANK19  BANK20  BANK21  BANK22  BANK23  BANK24  BANK25
      Params:         0       0       0       0       0       0       0       0       0       0       0       0       0       0       0       0       0       0       0       0       0       0       0       0       0       0       0
      Locals:         0       0       0       0       0       0       0       0       0       0       0       0       0       0       0       0       0       0       0       0       0       0       0       0       0       0       0
      Temps:          0       0       0       0       0       0       0       0       0       0       0       0       0       0       0       0       0       0       0       0       0       0       0       0       0       0       0
      Totals:         0       0       0       0       0       0       0       0       0       0       0       0       0       0       0       0       0       0       0       0       0       0       0       0       0       0       0
Total ram usage:        0 bytes
 Hardware stack levels used:    1
 This function calls:
		Nothing
 This function is called by:
		_I2C2_Close
 This function uses a non-reentrant model


 *************** function _I2C2_MasterClearIrq *****************
 Defined at:
		line 640 in file "mcc_generated_files/i2c2_master.c"
 Parameters:    Size  Location     Type
		None
 Auto vars:     Size  Location     Type
		None
 Return value:  Size  Location     Type
                  1    wreg      void 
 Registers used:
		None
 Tracked objects:
		On entry : 
		On exit  : 
		Unchanged: 
 Data sizes:     COMMON   BANK0   BANK1   BANK2   BANK3   BANK4   BANK5   BANK6   BANK7   BANK8   BANK9  BANK10  BANK11  BANK12  BANK13  BANK14  BANK15  BANK16  BANK17  BANK18  BANK19  BANK20  BANK21  BANK22  BANK23  BANK24  BANK25
      Params:         0       0       0       0       0       0       0       0       0       0       0       0       0       0       0       0       0       0       0       0       0       0       0       0       0       0       0
      Locals:         0       0       0       0       0       0       0       0       0       0       0       0       0       0       0       0       0       0       0       0       0       0       0       0       0       0       0
      Temps:          0       0       0       0       0       0       0       0       0       0       0       0       0       0       0       0       0       0       0       0       0       0       0       0       0       0       0
      Totals:         0       0       0       0       0       0       0       0       0       0       0       0       0       0       0       0       0       0       0       0       0       0       0       0       0       0       0
Total ram usage:        0 bytes
 Hardware stack levels used:    1
 This function calls:
		Nothing
 This function is called by:
		_I2C2_Open
		_I2C2_Close
		_I2C2_MasterFsm
 This function uses a non-reentrant model



MODULE INFORMATION

Module		Function		Class		Link	Load	Size
mcc_generated_files/examples/i2c2_master_example.c
		_wr1RegCompleteHandler		CODE           	0520	0000	18
		_wr2RegCompleteHandler		CODE           	04ED	0000	18
		_rdBlkRegCompleteHandler		CODE           	0531	0000	25
		_rd1RegCompleteHandler		CODE           	04FE	0000	18
		_rd2RegCompleteHandler		CODE           	050F	0000	18

mcc_generated_files/examples/i2c2_master_example.c estimated size: 97

func.c
		_DispWriteValue		CODE           	079F	0000	87
		_SendI2CData   		CODE           	06C6	0000	63

func.c estimated size: 150

mcc_generated_files/pin_manager.c
		_PIN_MANAGER_Initialize		CODE           	065D	0000	48

mcc_generated_files/pin_manager.c estimated size: 48

mcc_generated_files/i2c2_master.c
		_I2C2_DO_SEND_ADR_READ		CODE           	0484	0000	10
		_I2C2_DO_RX_NACK_STOP		CODE           	0454	0000	6
		_I2C2_DO_SEND_RESTART		CODE           	0445	0000	6
		_I2C2_DO_TX_EMPTY		CODE           	062E	0000	48
		_I2C2_DO_SEND_RESTART_READ		CODE           	043B	0000	6
		_I2C2_CallbackReturnStop		CODE           	040A	0000	3
		_I2C2_DO_RX    		CODE           	0704	0000	71
		_I2C2_DO_TX    		CODE           	074A	0000	86
		_I2C2_DO_IDLE  		CODE           	0436	0000	6
		_I2C2_MasterOpen		CODE           	04C3	0000	14
		_I2C2_DO_RCEN  		CODE           	0475	0000	8
		_I2C2_MasterSendTxData		CODE           	0431	0000	6
		_I2C2_MasterStop		CODE           	041D	0000	4
		_I2C2_CallbackReturnReset		CODE           	040C	0000	3
		_I2C2_DO_RESET 		CODE           	045E	0000	6
		_I2C2_MasterStartRx		CODE           	0420	0000	4
		_I2C2_Poller   		CODE           	04B6	0000	14
		_I2C2_DO_RX_ACK		CODE           	044F	0000	6
		_I2C2_MasterWaitForEvent		CODE           	0469	0000	7
		_I2C2_MasterSendNack		CODE           	0429	0000	5
		_I2C2_DO_RX_NACK_RESTART		CODE           	0459	0000	6
		_I2C2_MasterDisableIrq		CODE           	0414	0000	4
		_I2C2_MasterOperation		CODE           	0565	0000	32
		_I2C2_SetCallback		CODE           	0584	0000	39
		_I2C2_MasterEnableRestart		CODE           	041A	0000	4
		_I2C2_Open     		CODE           	068C	0000	59
		_I2C2_DO_ADDRESS_NACK		CODE           	05D5	0000	45
		_I2C2_SetBuffer		CODE           	04DD	0000	17
		_I2C2_DO_SEND_RESTART_WRITE		CODE           	0440	0000	6
		_I2C2_MasterClose		CODE           	0411	0000	4
		_I2C2_Initialize		CODE           	048D	0000	10
		_I2C2_Close    		CODE           	0549	0000	29
		_I2C2_MasterIsNack		CODE           	0463	0000	7
		_I2C2_MasterStart		CODE           	0417	0000	4
		_I2C2_DO_SEND_ADR_WRITE		CODE           	047C	0000	9
		_I2C2_MasterClearIrq		CODE           	040E	0000	4
		_I2C2_SetDataCompleteCallback		CODE           	04A9	0000	14
		_I2C2_DO_SEND_STOP		CODE           	044A	0000	6
		_I2C2_MasterSendAck		CODE           	042D	0000	5
		_I2C2_MasterFsm		CODE           	05AA	0000	44
		_I2C2_MasterGetRxData		CODE           	0423	0000	4
		_I2C2_MasterSetIrq		CODE           	0426	0000	4

mcc_generated_files/i2c2_master.c estimated size: 675

shared
		__initialization		CODE           	07F5	0000	9
		_fsmStateTable 		STRCODE        	0800	0000	33

shared estimated size: 42

mcc_generated_files/mcc.c
		_PMD_Initialize		CODE           	049F	0000	11
		_OSCILLATOR_Initialize		CODE           	0496	0000	10
		_SYSTEM_Initialize		CODE           	04D0	0000	14

mcc_generated_files/mcc.c estimated size: 35

main.c
		_main          		CODE           	0601	0000	46

main.c estimated size: 46

