Microchip MPLAB XC8 Compiler V2.10 ()

Linker command line:

-W-3 --edf=C:\Program Files (x86)\Microchip\xc8\v2.10\pic\dat\en_msgs.txt \
  -cs -h+dist/default/production\Contagiri.X.production.sym \
  --cmf=dist/default/production\Contagiri.X.production.cmf -z -Q16F18446 \
  -oC:\Users\Marco\AppData\Local\Temp\sljc.2 --defsym=__MPLAB_BUILD=1 \
  -Mdist/default/production/Contagiri.X.production.map -E1 -ver=XC8 \
  --acfsm=1493 -ASTACK=02043h-027EFh -pstack=STACK -ACODE=00h-07FFhx8 \
  -ASTRCODE=00h-03FFFh -ASTRING=00h-0FFhx64 -ACONST=00h-0FFhx64 \
  -AENTRY=00h-0FFhx64 -ACOMMON=070h-07Fh -ABANK0=020h-06Fh \
  -ABANK1=0A0h-0EFh -ABANK2=0120h-016Fh -ABANK3=01A0h-01EFh \
  -ABANK4=0220h-026Fh -ABANK5=02A0h-02EFh -ABANK6=0320h-036Fh \
  -ABANK7=03A0h-03EFh -ABANK8=0420h-046Fh -ABANK9=04A0h-04EFh \
  -ABANK10=0520h-056Fh -ABANK11=05A0h-05EFh -ABANK12=0620h-066Fh \
  -ABANK13=06A0h-06EFh -ABANK14=0720h-076Fh -ABANK15=07A0h-07EFh \
  -ABANK16=0820h-086Fh -ABANK17=08A0h-08EFh -ABANK18=0920h-096Fh \
  -ABANK19=09A0h-09EFh -ABANK20=0A20h-0A6Fh -ABANK21=0AA0h-0AEFh \
  -ABANK22=0B20h-0B6Fh -ABANK23=0BA0h-0BEFh -ABANK24=0C20h-0C6Fh \
  -ABANK25=0CA0h-0CBFh -ABIGRAM=02000h-027EFh \
  -ARAM=020h-06Fh,0A0h-0EFh,0120h-016Fh,01A0h-01EFh,0220h-026Fh,02A0h-02EFh,0320h-036Fh,03A0h-03EFh,0420h-046Fh,04A0h-04EFh,0520h-056Fh,05A0h-05EFh,0620h-066Fh,06A0h-06EFh,0720h-076Fh,07A0h-07EFh,0820h-086Fh,08A0h-08EFh,0920h-096Fh,09A0h-09EFh,0A20h-0A6Fh,0AA0h-0AEFh,0B20h-0B6Fh,0BA0h-0BEFh,0C20h-0C6Fh,0CA0h-0CBFh \
  -AABS1=020h-07Fh,0A0h-0EFh,0120h-016Fh,01A0h-01EFh,0220h-026Fh,02A0h-02EFh,0320h-036Fh,03A0h-03EFh,0420h-046Fh,04A0h-04EFh,0520h-056Fh,05A0h-05EFh,0620h-066Fh,06A0h-06EFh,0720h-076Fh,07A0h-07EFh,0820h-086Fh,08A0h-08EFh,0920h-096Fh,09A0h-09EFh,0A20h-0A6Fh,0AA0h-0AEFh,0B20h-0B6Fh,0BA0h-0BEFh,0C20h-0C6Fh,0CA0h-0CBFh \
  -ASFR0=00h-01Fh -ASFR1=080h-09Fh -ASFR2=0100h-011Fh -ASFR3=0180h-019Fh \
  -ASFR4=0200h-021Fh -ASFR5=0280h-029Fh -ASFR6=0300h-031Fh \
  -ASFR7=0380h-039Fh -ASFR8=0400h-041Fh -ASFR9=0480h-049Fh \
  -ASFR10=0500h-051Fh -ASFR11=0580h-059Fh -ASFR12=0600h-061Fh \
  -ASFR13=0680h-069Fh -ASFR14=0700h-071Fh -ASFR15=0780h-079Fh \
  -ASFR16=0800h-081Fh -ASFR17=0880h-089Fh -ASFR18=0900h-091Fh \
  -ASFR19=0980h-099Fh -ASFR20=0A00h-0A1Fh -ASFR21=0A80h-0A9Fh \
  -ASFR22=0B00h-0B1Fh -ASFR23=0B80h-0B9Fh -ASFR24=0C00h-0C1Fh \
  -ASFR25=0C80h-0C9Fh -ASFR26=0D00h-0D6Fh -ASFR27=0D80h-0DEFh \
  -ASFR28=0E00h-0E6Fh -ASFR29=0E80h-0EEFh -ASFR30=0F00h-0F6Fh \
  -ASFR31=0F80h-0FEFh -ASFR32=01000h-0106Fh -ASFR33=01080h-010EFh \
  -ASFR34=01100h-0116Fh -ASFR35=01180h-011EFh -ASFR36=01200h-0126Fh \
  -ASFR37=01280h-012EFh -ASFR38=01300h-0136Fh -ASFR39=01380h-013EFh \
  -ASFR40=01400h-0146Fh -ASFR41=01480h-014EFh -ASFR42=01500h-0156Fh \
  -ASFR43=01580h-015EFh -ASFR44=01600h-0166Fh -ASFR45=01680h-016EFh \
  -ASFR46=01700h-0176Fh -ASFR47=01780h-017EFh -ASFR48=01800h-0186Fh \
  -ASFR49=01880h-018EFh -ASFR50=01900h-0196Fh -ASFR51=01980h-019EFh \
  -ASFR52=01A00h-01A6Fh -ASFR53=01A80h-01AEFh -ASFR54=01B00h-01B6Fh \
  -ASFR55=01B80h-01BEFh -ASFR56=01C00h-01C6Fh -ASFR57=01C80h-01CEFh \
  -ASFR58=01D00h-01D6Fh -ASFR59=01D80h-01DEFh -ASFR60=01E00h-01E6Fh \
  -ASFR61=01E80h-01EEFh -ASFR62=01F00h-01F6Fh -ASFR63=01F80h-01FEFh \
  -preset_vec=00h,intentry=04h,init,end_init -ppowerup=CODE -pcinit=CODE \
  -pfunctab=ENTRY -ACONFIG=08007h-0800Bh -pconfig=CONFIG -DCONFIG=2 \
  -AIDLOC=08000h-08003h -pidloc=IDLOC -DIDLOC=2 -AEEDATA=00h-0FFh/0F000h \
  -peeprom_data=EEDATA -DEEDATA=2 -DCODE=2 -DSTRCODE=2 -DSTRING=2 -DCONST=2 \
  -DENTRY=2 -k C:\Users\Marco\AppData\Local\Temp\sljc.o \
  dist/default/production\Contagiri.X.production.o 

Object code version is 3.11

Machine type is 16F18446



                Name                               Link     Load   Length Selector   Space Scale
C:\Users\Marco\AppData\Local\Temp\sljc.o
                end_init                             25       25        2        8       0
                reset_vec                             0        0        2        0       0
                config                             8007     8007        5    1000E       0
dist/default/production\Contagiri.X.production.o
                cinit                                27       27        C        8       0
                intentry                              4        4       21        8       0
                text61                              553      553        3      7AA       0
                text60                              550      550        3      7AA       0
                text59                              36A      36A       26        8       0
                text58                              48D      48D        D      7AA       0
                text57                              470      470       10      7AA       0
                text56                              44F      44F       11      7AA       0
                text55                              43E      43E       11      7AA       0
                text54                              42D      42D       11      7AA       0
                text53                              41C      41C       11      7AA       0
                text52                              3F1      3F1       18      7AA       0
                text51                              558      558        2      7AA       0
                text50                              556      556        2      7AA       0
                text49                              54D      54D        3      7AA       0
                text48                              537      537        4      7AA       0
                text47                              54A      54A        3      7AA       0
                text46                              533      533        4      7AA       0
                text45                              52A      52A        5      7AA       0
                text44                              4F7      4F7        6      7AA       0
                text43                              547      547        3      7AA       0
                text42                              2BE      2BE       2F        8       0
                text41                              525      525        5      7AA       0
                text40                              4C1      4C1        9      7AA       0
                text39                              4CA      4CA        8      7AA       0
                text38                              105      105       55        8       0
                text37                              1FE      1FE       46        8       0
                text36                              4D2      4D2        7      7AA       0
                text35                              520      520        5      7AA       0
                text34                              51B      51B        5      7AA       0
                text33                              516      516        5      7AA       0
                text32                              511      511        5      7AA       0
                text31                              50C      50C        5      7AA       0
                text30                              507      507        5      7AA       0
                text29                              502      502        5      7AA       0
                text28                              4FD      4FD        5      7AA       0
                text27                              2ED      2ED       2C        8       0
                text26                              544      544        3      7AA       0
                text25                              319      319       2B        8       0
                text24                              52F      52F        4      7AA       0
                text22                              541      541        3      7AA       0
                text21                              3D5      3D5       1C      7AA       0
                text20                              53E      53E        3      7AA       0
                text19                              53B      53B        3      7AA       0
                text18                              480      480        D      7AA       0
                text17                              4F1      4F1        6      7AA       0
                text16                              244      244       45        8       0
                text15                              460      460       10      7AA       0
                text14                              1AE      1AE       50        8       0
                text13                               A5       A5       60        8       0
                text12                              15A      15A       54        8       0
                text11                               33       33       72        8       0
                text10                              4EB      4EB        6      7AA       0
                text9                               4E5      4E5        6      7AA       0
                text8                               4DF      4DF        6      7AA       0
                text7                               390      390       25        8       0
                text6                               4B8      4B8        9      7AA       0
                text5                               4AF      4AF        9      7AA       0
                text4                               289      289       35        8       0
                text3                               4A5      4A5        A      7AA       0
                text2                               49A      49A        B      7AA       0
                text1                               409      409       13      7AA       0
                maintext                            344      344       26        8       0
                cstackBANK0                          41       41       1C       20       1
                cstackCOMMON                         70       70        D       70       1
                clrtext                             4D9      4D9        6      7AA       0
                bssBANK0                             20       20       21       20       1
                nvBANK0                              5D       5D        6       20       1
                stringtext1                         3B5      3B5       20      76A       0

TOTAL           Name                               Link     Load   Length     Space
        CLASS   STACK          

        CLASS   CODE           
                end_init                             25       25        2         0
                cinit                                27       27        C         0
                intentry                              4        4       21         0
                reset_vec                             0        0        2         0
                text61                              553      553        3         0
                text60                              550      550        3         0
                text59                              36A      36A       26         0
                text58                              48D      48D        D         0
                text57                              470      470       10         0
                text56                              44F      44F       11         0
                text55                              43E      43E       11         0
                text54                              42D      42D       11         0
                text53                              41C      41C       11         0
                text52                              3F1      3F1       18         0
                text51                              558      558        2         0
                text50                              556      556        2         0
                text49                              54D      54D        3         0
                text48                              537      537        4         0
                text47                              54A      54A        3         0
                text46                              533      533        4         0
                text45                              52A      52A        5         0
                text44                              4F7      4F7        6         0
                text43                              547      547        3         0
                text42                              2BE      2BE       2F         0
                text41                              525      525        5         0
                text40                              4C1      4C1        9         0
                text39                              4CA      4CA        8         0
                text38                              105      105       55         0
                text37                              1FE      1FE       46         0
                text36                              4D2      4D2        7         0
                text35                              520      520        5         0
                text34                              51B      51B        5         0
                text33                              516      516        5         0
                text32                              511      511        5         0
                text31                              50C      50C        5         0
                text30                              507      507        5         0
                text29                              502      502        5         0
                text28                              4FD      4FD        5         0
                text27                              2ED      2ED       2C         0
                text26                              544      544        3         0
                text25                              319      319       2B         0
                text24                              52F      52F        4         0
                text22                              541      541        3         0
                text21                              3D5      3D5       1C         0
                text20                              53E      53E        3         0
                text19                              53B      53B        3         0
                text18                              480      480        D         0
                text17                              4F1      4F1        6         0
                text16                              244      244       45         0
                text15                              460      460       10         0
                text14                              1AE      1AE       50         0
                text13                               A5       A5       60         0
                text12                              15A      15A       54         0
                text11                               33       33       72         0
                text10                              4EB      4EB        6         0
                text9                               4E5      4E5        6         0
                text8                               4DF      4DF        6         0
                text7                               390      390       25         0
                text6                               4B8      4B8        9         0
                text5                               4AF      4AF        9         0
                text4                               289      289       35         0
                text3                               4A5      4A5        A         0
                text2                               49A      49A        B         0
                text1                               409      409       13         0
                maintext                            344      344       26         0
                clrtext                             4D9      4D9        6         0

        CLASS   STRCODE        
                stringtext1                         3B5      3B5       20         0

        CLASS   STRING         

        CLASS   CONST          

        CLASS   ENTRY          

        CLASS   COMMON         
                cstackCOMMON                         70       70        D         1

        CLASS   BANK0          
                cstackBANK0                          41       41       1C         1
                bssBANK0                             20       20       21         1
                nvBANK0                              5D       5D        6         1

        CLASS   BANK1          

        CLASS   BANK2          

        CLASS   BANK3          

        CLASS   BANK4          

        CLASS   BANK5          

        CLASS   BANK6          

        CLASS   BANK7          

        CLASS   BANK8          

        CLASS   BANK9          

        CLASS   BANK10         

        CLASS   BANK11         

        CLASS   BANK12         

        CLASS   BANK13         

        CLASS   BANK14         

        CLASS   BANK15         

        CLASS   BANK16         

        CLASS   BANK17         

        CLASS   BANK18         

        CLASS   BANK19         

        CLASS   BANK20         

        CLASS   BANK21         

        CLASS   BANK22         

        CLASS   BANK23         

        CLASS   BANK24         

        CLASS   BANK25         

        CLASS   BIGRAM         

        CLASS   RAM            

        CLASS   ABS1           
                abs_s1                               7E       7E        2         1

        CLASS   SFR0           

        CLASS   SFR1           

        CLASS   SFR2           

        CLASS   SFR3           

        CLASS   SFR4           

        CLASS   SFR5           

        CLASS   SFR6           

        CLASS   SFR7           

        CLASS   SFR8           

        CLASS   SFR9           

        CLASS   SFR10          

        CLASS   SFR11          

        CLASS   SFR12          

        CLASS   SFR13          

        CLASS   SFR14          

        CLASS   SFR15          

        CLASS   SFR16          

        CLASS   SFR17          

        CLASS   SFR18          

        CLASS   SFR19          

        CLASS   SFR20          

        CLASS   SFR21          

        CLASS   SFR22          

        CLASS   SFR23          

        CLASS   SFR24          

        CLASS   SFR25          

        CLASS   SFR26          

        CLASS   SFR27          

        CLASS   SFR28          

        CLASS   SFR29          

        CLASS   SFR30          

        CLASS   SFR31          

        CLASS   SFR32          

        CLASS   SFR33          

        CLASS   SFR34          

        CLASS   SFR35          

        CLASS   SFR36          

        CLASS   SFR37          

        CLASS   SFR38          

        CLASS   SFR39          

        CLASS   SFR40          

        CLASS   SFR41          

        CLASS   SFR42          

        CLASS   SFR43          

        CLASS   SFR44          

        CLASS   SFR45          

        CLASS   SFR46          

        CLASS   SFR47          

        CLASS   SFR48          

        CLASS   SFR49          

        CLASS   SFR50          

        CLASS   SFR51          

        CLASS   SFR52          

        CLASS   SFR53          

        CLASS   SFR54          

        CLASS   SFR55          

        CLASS   SFR56          

        CLASS   SFR57          

        CLASS   SFR58          

        CLASS   SFR59          

        CLASS   SFR60          

        CLASS   SFR61          

        CLASS   SFR62          

        CLASS   SFR63          

        CLASS   CONFIG         
                config                             8007     8007        5         0

        CLASS   IDLOC          

        CLASS   EEDATA         

        CLASS   BANK63         

        CLASS   BANK62         

        CLASS   BANK61         

        CLASS   BANK60         

        CLASS   BANK59         

        CLASS   BANK58         

        CLASS   BANK57         

        CLASS   BANK56         

        CLASS   BANK55         

        CLASS   BANK54         

        CLASS   BANK53         

        CLASS   BANK52         

        CLASS   BANK51         

        CLASS   BANK50         

        CLASS   BANK49         

        CLASS   BANK48         

        CLASS   BANK47         

        CLASS   BANK46         

        CLASS   BANK45         

        CLASS   BANK44         

        CLASS   BANK43         

        CLASS   BANK42         

        CLASS   BANK41         

        CLASS   BANK40         

        CLASS   BANK39         

        CLASS   BANK38         

        CLASS   BANK37         

        CLASS   BANK36         

        CLASS   BANK35         

        CLASS   BANK34         

        CLASS   BANK33         

        CLASS   BANK32         

        CLASS   BANK31         

        CLASS   BANK30         

        CLASS   BANK29         

        CLASS   BANK28         

        CLASS   BANK27         

        CLASS   BANK26         



SEGMENTS        Name                           Load    Length   Top    Selector   Space  Class     Delta

                reset_vec                      000000  000002  000002         0       0  CODE        2
                intentry                       000004  0003B1  0003B5         8       0  CODE        2
                bssBANK0                       000020  000043  000063        20       1  BANK0       1
                cstackCOMMON                   000070  00000D  00007D        70       1  COMMON      1
                stringtext1                    0003B5  000020  0003D5       76A       0  STRCODE     2
                text21                         0003D5  000185  00055A       7AA       0  CODE        2
                config                         008007  000005  00800C     1000E       0  CONFIG      2


UNUSED ADDRESS RANGES

        Name                Unused          Largest block    Delta
        BANK0            00063-0006F               D           1
        BANK1            000A0-000EF              50           1
        BANK10           00520-0056F              50           1
        BANK11           005A0-005EF              50           1
        BANK12           00620-0066F              50           1
        BANK13           006A0-006EF              50           1
        BANK14           00720-0076F              50           1
        BANK15           007A0-007EF              50           1
        BANK16           00820-0086F              50           1
        BANK17           008A0-008EF              50           1
        BANK18           00920-0096F              50           1
        BANK19           009A0-009EF              50           1
        BANK2            00120-0016F              50           1
        BANK20           00A20-00A6F              50           1
        BANK21           00AA0-00AEF              50           1
        BANK22           00B20-00B6F              50           1
        BANK23           00BA0-00BEF              50           1
        BANK24           00C20-00C6F              50           1
        BANK25           00CA0-00CBF              20           1
        BANK3            001A0-001EF              50           1
        BANK4            00220-0026F              50           1
        BANK5            002A0-002EF              50           1
        BANK6            00320-0036F              50           1
        BANK7            003A0-003EF              50           1
        BANK8            00420-0046F              50           1
        BANK9            004A0-004EF              50           1
        BIGRAM           02000-027EF             7F0           1
        CODE             00002-00003               2           2
                         0055A-03FFF             800
        COMMON           0007D-0007D               1           1
        CONST            00002-00003               2           2
                         0055A-03FFF             100
        EEDATA           0F000-0F0FF             100           2
        ENTRY            00002-00003               2           2
                         0055A-03FFF             100
        IDLOC            08000-08003               4           2
        RAM              00063-0006F               D           1
                         000A0-000EF              50
                         00120-0016F              50
                         001A0-001EF              50
                         00220-0026F              50
                         002A0-002EF              50
                         00320-0036F              50
                         003A0-003EF              50
                         00420-0046F              50
                         004A0-004EF              50
                         00520-0056F              50
                         005A0-005EF              50
                         00620-0066F              50
                         006A0-006EF              50
                         00720-0076F              50
                         007A0-007EF              50
                         00820-0086F              50
                         008A0-008EF              50
                         00920-0096F              50
                         009A0-009EF              50
                         00A20-00A6F              50
                         00AA0-00AEF              50
                         00B20-00B6F              50
                         00BA0-00BEF              50
                         00C20-00C6F              50
                         00CA0-00CBF              20
        SFR0             00000-0001F              20           1
        SFR1             00080-0009F              20           1
        SFR10            00500-0051F              20           1
        SFR11            00580-0059F              20           1
        SFR12            00600-0061F              20           1
        SFR13            00680-0069F              20           1
        SFR14            00700-0071F              20           1
        SFR15            00780-0079F              20           1
        SFR16            00800-0081F              20           1
        SFR17            00880-0089F              20           1
        SFR18            00900-0091F              20           1
        SFR19            00980-0099F              20           1
        SFR2             00100-0011F              20           1
        SFR20            00A00-00A1F              20           1
        SFR21            00A80-00A9F              20           1
        SFR22            00B00-00B1F              20           1
        SFR23            00B80-00B9F              20           1
        SFR24            00C00-00C1F              20           1
        SFR25            00C80-00C9F              20           1
        SFR26            00D00-00D6F              70           1
        SFR27            00D80-00DEF              70           1
        SFR28            00E00-00E6F              70           1
        SFR29            00E80-00EEF              70           1
        SFR3             00180-0019F              20           1
        SFR30            00F00-00F6F              70           1
        SFR31            00F80-00FEF              70           1
        SFR32            01000-0106F              70           1
        SFR33            01080-010EF              70           1
        SFR34            01100-0116F              70           1
        SFR35            01180-011EF              70           1
        SFR36            01200-0126F              70           1
        SFR37            01280-012EF              70           1
        SFR38            01300-0136F              70           1
        SFR39            01380-013EF              70           1
        SFR4             00200-0021F              20           1
        SFR40            01400-0146F              70           1
        SFR41            01480-014EF              70           1
        SFR42            01500-0156F              70           1
        SFR43            01580-015EF              70           1
        SFR44            01600-0166F              70           1
        SFR45            01680-016EF              70           1
        SFR46            01700-0176F              70           1
        SFR47            01780-017EF              70           1
        SFR48            01800-0186F              70           1
        SFR49            01880-018EF              70           1
        SFR5             00280-0029F              20           1
        SFR50            01900-0196F              70           1
        SFR51            01980-019EF              70           1
        SFR52            01A00-01A6F              70           1
        SFR53            01A80-01AEF              70           1
        SFR54            01B00-01B6F              70           1
        SFR55            01B80-01BEF              70           1
        SFR56            01C00-01C6F              70           1
        SFR57            01C80-01CEF              70           1
        SFR58            01D00-01D6F              70           1
        SFR59            01D80-01DEF              70           1
        SFR6             00300-0031F              20           1
        SFR60            01E00-01E6F              70           1
        SFR61            01E80-01EEF              70           1
        SFR62            01F00-01F6F              70           1
        SFR63            01F80-01FEF              70           1
        SFR7             00380-0039F              20           1
        SFR8             00400-0041F              20           1
        SFR9             00480-0049F              20           1
        STACK            02043-027EF             7AD           1
        STRCODE          00002-00003               2           2
                         0055A-03FFF            3AA6
        STRING           00002-00003               2           2
                         0055A-03FFF             100

                                  Symbol Table

?___awdiv                                       cstackBANK0  00044
?___awmod                                       cstackBANK0  0004D
DispWriteValue@_val                             cstackBANK0  00054
DispWriteValue@packets                          cstackBANK0  00058
EUSART1_SetErrorHandler@interruptHandler        cstackBANK0  00044
EUSART1_SetFramingErrorHandler@interruptHandler cstackBANK0  00044
EUSART1_SetOverrunErrorHandler@interruptHandler cstackBANK0  00044
I2C1_CallbackReturnReset@funPtr                 cstackCOMMON 00079
I2C1_MasterOperation@read                       cstackBANK0  00045
I2C1_MasterOperation@returnValue                cstackBANK0  00046
I2C1_MasterSendTxData@data                      cstackCOMMON 00070
I2C1_Open@address                               cstackBANK0  00047
I2C1_Open@returnValue                           cstackBANK0  00048
I2C1_SetBuffer@buffer                           cstackBANK0  00047
I2C1_SetBuffer@bufferSize                       cstackBANK0  00044
I2C1_SetCallback@cb                             cstackCOMMON 00070
I2C1_SetCallback@idx                            cstackCOMMON 00074
I2C1_SetCallback@ptr                            cstackCOMMON 00072
I2C1_SetDataCompleteCallback@cb                 cstackCOMMON 00075
I2C1_SetDataCompleteCallback@ptr                cstackCOMMON 00077
I2C1_SetInterruptHandler@InterruptHandler       cstackBANK0  00044
SendI2CData@_data                               cstackBANK0  00052
SendI2CData@_dataSize                           cstackBANK0  00049
SendI2CData@data                                cstackBANK0  0004C
SendI2CData@i                                   cstackBANK0  00050
SendI2CData@result                              cstackBANK0  00051
_ANSELA                                         (abs)        01F38
_ANSELB                                         (abs)        01F43
_ANSELC                                         (abs)        01F4E
_BAUD1CON                                       (abs)        0011F
_DispWriteValue                                 text11       00033
_EUSART1_DefaultErrorHandler                    (abs)        00000
_EUSART1_DefaultFramingErrorHandler             (abs)        00000
_EUSART1_DefaultOverrunErrorHandler             (abs)        00000
_EUSART1_ErrorHandler                           nvBANK0      0005D
_EUSART1_FramingErrorHandler                    nvBANK0      00061
_EUSART1_Initialize                             text7        00390
_EUSART1_OverrunErrorHandler                    nvBANK0      0005F
_EUSART1_SetErrorHandler                        text10       004EB
_EUSART1_SetFramingErrorHandler                 text9        004E5
_EUSART1_SetOverrunErrorHandler                 text8        004DF
_I2C1_CallbackReturnReset                       text50       00556
_I2C1_CallbackReturnStop                        text51       00558
_I2C1_DO_ADDRESS_NACK                           text27       002ED
_I2C1_DO_IDLE                                   text41       00525
_I2C1_DO_RCEN                                   text36       004D2
_I2C1_DO_RESET                                  text28       004FD
_I2C1_DO_RX                                     text37       001FE
_I2C1_DO_RX_ACK                                 text31       0050C
_I2C1_DO_RX_NACK_RESTART                        text29       00502
_I2C1_DO_RX_NACK_STOP                           text30       00507
_I2C1_DO_SEND_ADR_READ                          text40       004C1
_I2C1_DO_SEND_ADR_WRITE                         text39       004CA
_I2C1_DO_SEND_RESTART                           text33       00516
_I2C1_DO_SEND_RESTART_READ                      text35       00520
_I2C1_DO_SEND_RESTART_WRITE                     text34       0051B
_I2C1_DO_SEND_STOP                              text32       00511
_I2C1_DO_TX                                     text38       00105
_I2C1_DO_TX_EMPTY                               text42       002BE
_I2C1_Initialize                                text6        004B8
_I2C1_MasterClearIrq                            text20       0053E
_I2C1_MasterEnableIrq                           text19       0053B
_I2C1_MasterEnableRestart                       text61       00553
_I2C1_MasterFsm                                 text25       00319
_I2C1_MasterGetRxData                           text47       0054A
_I2C1_MasterIsNack                              text44       004F7
_I2C1_MasterIsr                                 text24       0052F
_I2C1_MasterOpen                                text18       00480
_I2C1_MasterOperation                           text21       003D5
_I2C1_MasterSendAck                             text46       00533
_I2C1_MasterSendNack                            text48       00537
_I2C1_MasterSendTxData                          text45       0052A
_I2C1_MasterSetIrq                              text43       00547
_I2C1_MasterStart                               text22       00541
_I2C1_MasterStartRx                             text49       0054D
_I2C1_MasterStop                                text60       00550
_I2C1_Open                                      text16       00244
_I2C1_SetBuffer                                 text15       00460
_I2C1_SetCallback                               text59       0036A
_I2C1_SetDataCompleteCallback                   text58       0048D
_I2C1_SetInterruptHandler                       text17       004F1
_I2C1_Status                                    bssBANK0     00020
_INLVLA                                         (abs)        01F3C
_INLVLB                                         (abs)        01F47
_INLVLC                                         (abs)        01F52
_INTCONbits                                     (abs)        0000B
_INTERRUPT_InterruptManager                     intentry     00004
_LATA                                           (abs)        00018
_LATB                                           (abs)        00019
_LATC                                           (abs)        0001A
_MSSP1_InterruptHandler                         bssBANK0     0003D
_ODCONA                                         (abs)        01F3A
_ODCONB                                         (abs)        01F45
_ODCONC                                         (abs)        01F50
_OSCCON1                                        (abs)        0088D
_OSCCON3                                        (abs)        0088F
_OSCEN                                          (abs)        00891
_OSCFRQ                                         (abs)        00893
_OSCILLATOR_Initialize                          text5        004AF
_OSCTUNE                                        (abs)        00892
_PIE3bits                                       (abs)        00719
_PIN_MANAGER_Initialize                         text4        00289
_PIR0bits                                       (abs)        0070C
_PIR3bits                                       (abs)        0070F
_PMD0                                           (abs)        00796
_PMD1                                           (abs)        00797
_PMD2                                           (abs)        00798
_PMD3                                           (abs)        00799
_PMD4                                           (abs)        0079A
_PMD5                                           (abs)        0079B
_PMD6                                           (abs)        0079C
_PMD7                                           (abs)        0079D
_PMD_Initialize                                 text3        004A5
_PORTA                                          (abs)        0000C
_RA2                                            (abs)        00062
_RB4PPS                                         (abs)        01F1C
_RB6PPS                                         (abs)        01F1E
_RB7PPS                                         (abs)        01F1F
_RC1REG                                         (abs)        00119
_RC1STA                                         (abs)        0011D
_RC1STAbits                                     (abs)        0011D
_RX1DTPPS                                       (abs)        01ECB
_SLRCONA                                        (abs)        01F3B
_SLRCONB                                        (abs)        01F46
_SLRCONC                                        (abs)        01F51
_SP1BRGH                                        (abs)        0011C
_SP1BRGL                                        (abs)        0011B
_SSP1ADD                                        (abs)        0018D
_SSP1BUF                                        (abs)        0018C
_SSP1CLKPPS                                     (abs)        01EC5
_SSP1CON1                                       (abs)        00190
_SSP1CON1bits                                   (abs)        00190
_SSP1CON2                                       (abs)        00191
_SSP1CON2bits                                   (abs)        00191
_SSP1DATPPS                                     (abs)        01EC6
_SSP1STAT                                       (abs)        0018F
_SSP1STATbits                                   (abs)        0018F
_SYSTEM_Initialize                              text1        00409
_SendI2CData                                    text14       001AE
_T0CKIPPS                                       (abs)        01E91
_T0CON0                                         (abs)        0059E
_T0CON0bits                                     (abs)        0059E
_T0CON1                                         (abs)        0059F
_TMR0H                                          (abs)        0059D
_TMR0L                                          (abs)        0059C
_TMR0_Initialize                                text2        0049A
_TRISA                                          (abs)        00012
_TRISB                                          (abs)        00013
_TRISC                                          (abs)        00014
_TX1REG                                         (abs)        0011A
_TX1STA                                         (abs)        0011E
_TX1STAbits                                     (abs)        0011E
_WPUA                                           (abs)        01F39
_WPUB                                           (abs)        01F44
_WPUC                                           (abs)        01F4F
__CFG_BBEN$OFF                                  (abs)        00000
__CFG_BBSIZE$BB512                              (abs)        00000
__CFG_BOREN$ON                                  (abs)        00000
__CFG_BORV$LO                                   (abs)        00000
__CFG_CLKOUTEN$OFF                              (abs)        00000
__CFG_CP$OFF                                    (abs)        00000
__CFG_CSWEN$ON                                  (abs)        00000
__CFG_FCMEN$ON                                  (abs)        00000
__CFG_FEXTOSC$OFF                               (abs)        00000
__CFG_LPBOREN$OFF                               (abs)        00000
__CFG_LVP$ON                                    (abs)        00000
__CFG_MCLRE$ON                                  (abs)        00000
__CFG_PPS1WAY$ON                                (abs)        00000
__CFG_PWRTS$OFF                                 (abs)        00000
__CFG_RSTOSC$HFINT1                             (abs)        00000
__CFG_SAFEN$OFF                                 (abs)        00000
__CFG_STVREN$ON                                 (abs)        00000
__CFG_WDTCCS$SC                                 (abs)        00000
__CFG_WDTCPS$WDTCPS_31                          (abs)        00000
__CFG_WDTCWS$WDTCWS_7                           (abs)        00000
__CFG_WDTE$OFF                                  (abs)        00000
__CFG_WRTAPP$OFF                                (abs)        00000
__CFG_WRTB$OFF                                  (abs)        00000
__CFG_WRTC$OFF                                  (abs)        00000
__CFG_WRTD$OFF                                  (abs)        00000
__CFG_WRTSAF$OFF                                (abs)        00000
__CFG_ZCDDIS$OFF                                (abs)        00000
__Habs1                                         abs1         00000
__Hbank0                                        bank0        00000
__Hbank1                                        bank1        00000
__Hbank10                                       bank10       00000
__Hbank11                                       bank11       00000
__Hbank12                                       bank12       00000
__Hbank13                                       bank13       00000
__Hbank14                                       bank14       00000
__Hbank15                                       bank15       00000
__Hbank16                                       bank16       00000
__Hbank17                                       bank17       00000
__Hbank18                                       bank18       00000
__Hbank19                                       bank19       00000
__Hbank2                                        bank2        00000
__Hbank20                                       bank20       00000
__Hbank21                                       bank21       00000
__Hbank22                                       bank22       00000
__Hbank23                                       bank23       00000
__Hbank24                                       bank24       00000
__Hbank25                                       bank25       00000
__Hbank26                                       bank26       00000
__Hbank27                                       bank27       00000
__Hbank28                                       bank28       00000
__Hbank29                                       bank29       00000
__Hbank3                                        bank3        00000
__Hbank30                                       bank30       00000
__Hbank31                                       bank31       00000
__Hbank32                                       bank32       00000
__Hbank33                                       bank33       00000
__Hbank34                                       bank34       00000
__Hbank35                                       bank35       00000
__Hbank36                                       bank36       00000
__Hbank37                                       bank37       00000
__Hbank38                                       bank38       00000
__Hbank39                                       bank39       00000
__Hbank4                                        bank4        00000
__Hbank40                                       bank40       00000
__Hbank41                                       bank41       00000
__Hbank42                                       bank42       00000
__Hbank43                                       bank43       00000
__Hbank44                                       bank44       00000
__Hbank45                                       bank45       00000
__Hbank46                                       bank46       00000
__Hbank47                                       bank47       00000
__Hbank48                                       bank48       00000
__Hbank49                                       bank49       00000
__Hbank5                                        bank5        00000
__Hbank50                                       bank50       00000
__Hbank51                                       bank51       00000
__Hbank52                                       bank52       00000
__Hbank53                                       bank53       00000
__Hbank54                                       bank54       00000
__Hbank55                                       bank55       00000
__Hbank56                                       bank56       00000
__Hbank57                                       bank57       00000
__Hbank58                                       bank58       00000
__Hbank59                                       bank59       00000
__Hbank6                                        bank6        00000
__Hbank60                                       bank60       00000
__Hbank61                                       bank61       00000
__Hbank62                                       bank62       00000
__Hbank63                                       bank63       00000
__Hbank7                                        bank7        00000
__Hbank8                                        bank8        00000
__Hbank9                                        bank9        00000
__Hbigram                                       bigram       00000
__HbssBANK0                                     bssBANK0     00000
__Hcinit                                        cinit        00033
__Hclrtext                                      clrtext      00000
__Hcode                                         code         00000
__Hcommon                                       common       00000
__Hconfig                                       config       0800C
__HcstackBANK0                                  cstackBANK0  00000
__HcstackCOMMON                                 cstackCOMMON 00000
__Heeprom_data                                  eeprom_data  00000
__Hend_init                                     end_init     00027
__Hfunctab                                      functab      00000
__Hidloc                                        idloc        00000
__Hinit                                         init         00025
__Hintentry                                     intentry     00025
__Hmaintext                                     maintext     00000
__HnvBANK0                                      nvBANK0      00000
__Hpowerup                                      powerup      00000
__Hram                                          ram          00000
__Hreset_vec                                    reset_vec    00002
__Hsfr0                                         sfr0         00000
__Hsfr1                                         sfr1         00000
__Hsfr10                                        sfr10        00000
__Hsfr11                                        sfr11        00000
__Hsfr12                                        sfr12        00000
__Hsfr13                                        sfr13        00000
__Hsfr14                                        sfr14        00000
__Hsfr15                                        sfr15        00000
__Hsfr16                                        sfr16        00000
__Hsfr17                                        sfr17        00000
__Hsfr18                                        sfr18        00000
__Hsfr19                                        sfr19        00000
__Hsfr2                                         sfr2         00000
__Hsfr20                                        sfr20        00000
__Hsfr21                                        sfr21        00000
__Hsfr22                                        sfr22        00000
__Hsfr23                                        sfr23        00000
__Hsfr24                                        sfr24        00000
__Hsfr25                                        sfr25        00000
__Hsfr26                                        sfr26        00000
__Hsfr27                                        sfr27        00000
__Hsfr28                                        sfr28        00000
__Hsfr29                                        sfr29        00000
__Hsfr3                                         sfr3         00000
__Hsfr30                                        sfr30        00000
__Hsfr31                                        sfr31        00000
__Hsfr32                                        sfr32        00000
__Hsfr33                                        sfr33        00000
__Hsfr34                                        sfr34        00000
__Hsfr35                                        sfr35        00000
__Hsfr36                                        sfr36        00000
__Hsfr37                                        sfr37        00000
__Hsfr38                                        sfr38        00000
__Hsfr39                                        sfr39        00000
__Hsfr4                                         sfr4         00000
__Hsfr40                                        sfr40        00000
__Hsfr41                                        sfr41        00000
__Hsfr42                                        sfr42        00000
__Hsfr43                                        sfr43        00000
__Hsfr44                                        sfr44        00000
__Hsfr45                                        sfr45        00000
__Hsfr46                                        sfr46        00000
__Hsfr47                                        sfr47        00000
__Hsfr48                                        sfr48        00000
__Hsfr49                                        sfr49        00000
__Hsfr5                                         sfr5         00000
__Hsfr50                                        sfr50        00000
__Hsfr51                                        sfr51        00000
__Hsfr52                                        sfr52        00000
__Hsfr53                                        sfr53        00000
__Hsfr54                                        sfr54        00000
__Hsfr55                                        sfr55        00000
__Hsfr56                                        sfr56        00000
__Hsfr57                                        sfr57        00000
__Hsfr58                                        sfr58        00000
__Hsfr59                                        sfr59        00000
__Hsfr6                                         sfr6         00000
__Hsfr60                                        sfr60        00000
__Hsfr61                                        sfr61        00000
__Hsfr62                                        sfr62        00000
__Hsfr63                                        sfr63        00000
__Hsfr7                                         sfr7         00000
__Hsfr8                                         sfr8         00000
__Hsfr9                                         sfr9         00000
__Hspace_0                                      (abs)        0800C
__Hspace_1                                      (abs)        0007D
__Hspace_2                                      (abs)        00000
__Hspace_3                                      (abs)        00000
__Hstack                                        stack        00000
__Hstrings                                      strings      00000
__Hstringtext1                                  stringtext1  00000
__Htext                                         text         00000
__Labs1                                         abs1         00000
__Lbank0                                        bank0        00000
__Lbank1                                        bank1        00000
__Lbank10                                       bank10       00000
__Lbank11                                       bank11       00000
__Lbank12                                       bank12       00000
__Lbank13                                       bank13       00000
__Lbank14                                       bank14       00000
__Lbank15                                       bank15       00000
__Lbank16                                       bank16       00000
__Lbank17                                       bank17       00000
__Lbank18                                       bank18       00000
__Lbank19                                       bank19       00000
__Lbank2                                        bank2        00000
__Lbank20                                       bank20       00000
__Lbank21                                       bank21       00000
__Lbank22                                       bank22       00000
__Lbank23                                       bank23       00000
__Lbank24                                       bank24       00000
__Lbank25                                       bank25       00000
__Lbank26                                       bank26       00000
__Lbank27                                       bank27       00000
__Lbank28                                       bank28       00000
__Lbank29                                       bank29       00000
__Lbank3                                        bank3        00000
__Lbank30                                       bank30       00000
__Lbank31                                       bank31       00000
__Lbank32                                       bank32       00000
__Lbank33                                       bank33       00000
__Lbank34                                       bank34       00000
__Lbank35                                       bank35       00000
__Lbank36                                       bank36       00000
__Lbank37                                       bank37       00000
__Lbank38                                       bank38       00000
__Lbank39                                       bank39       00000
__Lbank4                                        bank4        00000
__Lbank40                                       bank40       00000
__Lbank41                                       bank41       00000
__Lbank42                                       bank42       00000
__Lbank43                                       bank43       00000
__Lbank44                                       bank44       00000
__Lbank45                                       bank45       00000
__Lbank46                                       bank46       00000
__Lbank47                                       bank47       00000
__Lbank48                                       bank48       00000
__Lbank49                                       bank49       00000
__Lbank5                                        bank5        00000
__Lbank50                                       bank50       00000
__Lbank51                                       bank51       00000
__Lbank52                                       bank52       00000
__Lbank53                                       bank53       00000
__Lbank54                                       bank54       00000
__Lbank55                                       bank55       00000
__Lbank56                                       bank56       00000
__Lbank57                                       bank57       00000
__Lbank58                                       bank58       00000
__Lbank59                                       bank59       00000
__Lbank6                                        bank6        00000
__Lbank60                                       bank60       00000
__Lbank61                                       bank61       00000
__Lbank62                                       bank62       00000
__Lbank63                                       bank63       00000
__Lbank7                                        bank7        00000
__Lbank8                                        bank8        00000
__Lbank9                                        bank9        00000
__Lbigram                                       bigram       00000
__LbssBANK0                                     bssBANK0     00000
__Lcinit                                        cinit        00027
__Lclrtext                                      clrtext      00000
__Lcode                                         code         00000
__Lcommon                                       common       00000
__Lconfig                                       config       08007
__LcstackBANK0                                  cstackBANK0  00000
__LcstackCOMMON                                 cstackCOMMON 00000
__Leeprom_data                                  eeprom_data  00000
__Lend_init                                     end_init     00025
__Lfunctab                                      functab      00000
__Lidloc                                        idloc        00000
__Linit                                         init         00025
__Lintentry                                     intentry     00004
__Lmaintext                                     maintext     00000
__LnvBANK0                                      nvBANK0      00000
__Lpowerup                                      powerup      00000
__Lram                                          ram          00000
__Lreset_vec                                    reset_vec    00000
__Lsfr0                                         sfr0         00000
__Lsfr1                                         sfr1         00000
__Lsfr10                                        sfr10        00000
__Lsfr11                                        sfr11        00000
__Lsfr12                                        sfr12        00000
__Lsfr13                                        sfr13        00000
__Lsfr14                                        sfr14        00000
__Lsfr15                                        sfr15        00000
__Lsfr16                                        sfr16        00000
__Lsfr17                                        sfr17        00000
__Lsfr18                                        sfr18        00000
__Lsfr19                                        sfr19        00000
__Lsfr2                                         sfr2         00000
__Lsfr20                                        sfr20        00000
__Lsfr21                                        sfr21        00000
__Lsfr22                                        sfr22        00000
__Lsfr23                                        sfr23        00000
__Lsfr24                                        sfr24        00000
__Lsfr25                                        sfr25        00000
__Lsfr26                                        sfr26        00000
__Lsfr27                                        sfr27        00000
__Lsfr28                                        sfr28        00000
__Lsfr29                                        sfr29        00000
__Lsfr3                                         sfr3         00000
__Lsfr30                                        sfr30        00000
__Lsfr31                                        sfr31        00000
__Lsfr32                                        sfr32        00000
__Lsfr33                                        sfr33        00000
__Lsfr34                                        sfr34        00000
__Lsfr35                                        sfr35        00000
__Lsfr36                                        sfr36        00000
__Lsfr37                                        sfr37        00000
__Lsfr38                                        sfr38        00000
__Lsfr39                                        sfr39        00000
__Lsfr4                                         sfr4         00000
__Lsfr40                                        sfr40        00000
__Lsfr41                                        sfr41        00000
__Lsfr42                                        sfr42        00000
__Lsfr43                                        sfr43        00000
__Lsfr44                                        sfr44        00000
__Lsfr45                                        sfr45        00000
__Lsfr46                                        sfr46        00000
__Lsfr47                                        sfr47        00000
__Lsfr48                                        sfr48        00000
__Lsfr49                                        sfr49        00000
__Lsfr5                                         sfr5         00000
__Lsfr50                                        sfr50        00000
__Lsfr51                                        sfr51        00000
__Lsfr52                                        sfr52        00000
__Lsfr53                                        sfr53        00000
__Lsfr54                                        sfr54        00000
__Lsfr55                                        sfr55        00000
__Lsfr56                                        sfr56        00000
__Lsfr57                                        sfr57        00000
__Lsfr58                                        sfr58        00000
__Lsfr59                                        sfr59        00000
__Lsfr6                                         sfr6         00000
__Lsfr60                                        sfr60        00000
__Lsfr61                                        sfr61        00000
__Lsfr62                                        sfr62        00000
__Lsfr63                                        sfr63        00000
__Lsfr7                                         sfr7         00000
__Lsfr8                                         sfr8         00000
__Lsfr9                                         sfr9         00000
__Lspace_0                                      (abs)        00000
__Lspace_1                                      (abs)        00000
__Lspace_2                                      (abs)        00000
__Lspace_3                                      (abs)        00000
__Lstack                                        stack        00000
__Lstrings                                      strings      00000
__Lstringtext1                                  stringtext1  00000
__Ltext                                         text         00000
__S0                                            (abs)        0800C
__S1                                            (abs)        0007D
__S2                                            (abs)        00000
__S3                                            (abs)        00000
___awdiv                                        text13       000A5
___awdiv@counter                                cstackBANK0  00049
___awdiv@dividend                               cstackBANK0  00046
___awdiv@divisor                                cstackBANK0  00044
___awdiv@quotient                               cstackBANK0  0004B
___awdiv@sign                                   cstackBANK0  0004A
___awmod                                        text12       0015A
___awmod@counter                                cstackBANK0  00052
___awmod@dividend                               cstackBANK0  0004F
___awmod@divisor                                cstackBANK0  0004D
___awmod@sign                                   cstackBANK0  00053
___int_sp                                       stack        00000
___latbits                                      (abs)        00003
___sp                                           stack        00000
___stackhi                                      (abs)        027EF
___stacklo                                      (abs)        02043
__end_of_DispWriteValue                         text11       000A5
__end_of_EUSART1_Initialize                     text7        003B5
__end_of_EUSART1_SetErrorHandler                text10       004F1
__end_of_EUSART1_SetFramingErrorHandler         text9        004EB
__end_of_EUSART1_SetOverrunErrorHandler         text8        004E5
__end_of_I2C1_CallbackReturnReset               text50       00558
__end_of_I2C1_CallbackReturnStop                text51       0055A
__end_of_I2C1_DO_ADDRESS_NACK                   text27       00319
__end_of_I2C1_DO_IDLE                           text41       0052A
__end_of_I2C1_DO_RCEN                           text36       004D9
__end_of_I2C1_DO_RESET                          text28       00502
__end_of_I2C1_DO_RX                             text37       00244
__end_of_I2C1_DO_RX_ACK                         text31       00511
__end_of_I2C1_DO_RX_NACK_RESTART                text29       00507
__end_of_I2C1_DO_RX_NACK_STOP                   text30       0050C
__end_of_I2C1_DO_SEND_ADR_READ                  text40       004CA
__end_of_I2C1_DO_SEND_ADR_WRITE                 text39       004D2
__end_of_I2C1_DO_SEND_RESTART                   text33       0051B
__end_of_I2C1_DO_SEND_RESTART_READ              text35       00525
__end_of_I2C1_DO_SEND_RESTART_WRITE             text34       00520
__end_of_I2C1_DO_SEND_STOP                      text32       00516
__end_of_I2C1_DO_TX                             text38       0015A
__end_of_I2C1_DO_TX_EMPTY                       text42       002ED
__end_of_I2C1_Initialize                        text6        004C1
__end_of_I2C1_MasterClearIrq                    text20       00541
__end_of_I2C1_MasterEnableIrq                   text19       0053E
__end_of_I2C1_MasterEnableRestart               text61       00556
__end_of_I2C1_MasterFsm                         text25       00344
__end_of_I2C1_MasterGetRxData                   text47       0054D
__end_of_I2C1_MasterIsNack                      text44       004FD
__end_of_I2C1_MasterIsr                         text24       00533
__end_of_I2C1_MasterOpen                        text18       0048D
__end_of_I2C1_MasterOperation                   text21       003F1
__end_of_I2C1_MasterSendAck                     text46       00537
__end_of_I2C1_MasterSendNack                    text48       0053B
__end_of_I2C1_MasterSendTxData                  text45       0052F
__end_of_I2C1_MasterSetIrq                      text43       0054A
__end_of_I2C1_MasterStart                       text22       00544
__end_of_I2C1_MasterStartRx                     text49       00550
__end_of_I2C1_MasterStop                        text60       00553
__end_of_I2C1_Open                              text16       00289
__end_of_I2C1_SetBuffer                         text15       00470
__end_of_I2C1_SetCallback                       text59       00390
__end_of_I2C1_SetDataCompleteCallback           text58       0049A
__end_of_I2C1_SetInterruptHandler               text17       004F7
__end_of_INTERRUPT_InterruptManager             intentry     00025
__end_of_OSCILLATOR_Initialize                  text5        004B8
__end_of_PIN_MANAGER_Initialize                 text4        002BE
__end_of_PMD_Initialize                         text3        004AF
__end_of_SYSTEM_Initialize                      text1        0041C
__end_of_SendI2CData                            text14       001FE
__end_of_TMR0_Initialize                        text2        004A5
__end_of___awdiv                                text13       00105
__end_of___awmod                                text12       001AE
__end_of__initialization                        cinit        0002F
__end_of_fsmStateTable                          stringtext1  003D5
__end_of_main                                   maintext     0036A
__end_of_rd1RegCompleteHandler                  text55       0044F
__end_of_rd2RegCompleteHandler                  text54       0043E
__end_of_rdBlkRegCompleteHandler                text52       00409
__end_of_wr1RegCompleteHandler                  text53       0042D
__end_of_wr2RegCompleteHandler                  text56       00460
__end_ofi1_I2C1_MasterClearIrq                  text26       00547
__end_ofi1_I2C1_SetBuffer                       text57       00480
__initialization                                cinit        00027
__pbssBANK0                                     bssBANK0     00020
__pcstackBANK0                                  cstackBANK0  00041
__pcstackCOMMON                                 cstackCOMMON 00070
__pintentry                                     intentry     00004
__pmaintext                                     maintext     00344
__pnvBANK0                                      nvBANK0      0005D
__pstringtext1                                  stringtext1  003B5
__ptext1                                        text1        00409
__ptext10                                       text10       004EB
__ptext11                                       text11       00033
__ptext12                                       text12       0015A
__ptext13                                       text13       000A5
__ptext14                                       text14       001AE
__ptext15                                       text15       00460
__ptext16                                       text16       00244
__ptext17                                       text17       004F1
__ptext18                                       text18       00480
__ptext19                                       text19       0053B
__ptext2                                        text2        0049A
__ptext20                                       text20       0053E
__ptext21                                       text21       003D5
__ptext22                                       text22       00541
__ptext24                                       text24       0052F
__ptext25                                       text25       00319
__ptext26                                       text26       00544
__ptext27                                       text27       002ED
__ptext28                                       text28       004FD
__ptext29                                       text29       00502
__ptext3                                        text3        004A5
__ptext30                                       text30       00507
__ptext31                                       text31       0050C
__ptext32                                       text32       00511
__ptext33                                       text33       00516
__ptext34                                       text34       0051B
__ptext35                                       text35       00520
__ptext36                                       text36       004D2
__ptext37                                       text37       001FE
__ptext38                                       text38       00105
__ptext39                                       text39       004CA
__ptext4                                        text4        00289
__ptext40                                       text40       004C1
__ptext41                                       text41       00525
__ptext42                                       text42       002BE
__ptext43                                       text43       00547
__ptext44                                       text44       004F7
__ptext45                                       text45       0052A
__ptext46                                       text46       00533
__ptext47                                       text47       0054A
__ptext48                                       text48       00537
__ptext49                                       text49       0054D
__ptext5                                        text5        004AF
__ptext50                                       text50       00556
__ptext51                                       text51       00558
__ptext52                                       text52       003F1
__ptext53                                       text53       0041C
__ptext54                                       text54       0042D
__ptext55                                       text55       0043E
__ptext56                                       text56       0044F
__ptext57                                       text57       00470
__ptext58                                       text58       0048D
__ptext59                                       text59       0036A
__ptext6                                        text6        004B8
__ptext60                                       text60       00550
__ptext61                                       text61       00553
__ptext7                                        text7        00390
__ptext8                                        text8        004DF
__ptext9                                        text9        004E5
__size_of_DispWriteValue                        (abs)        00000
__size_of_EUSART1_Initialize                    (abs)        00000
__size_of_EUSART1_SetErrorHandler               (abs)        00000
__size_of_EUSART1_SetFramingErrorHandler        (abs)        00000
__size_of_EUSART1_SetOverrunErrorHandler        (abs)        00000
__size_of_I2C1_CallbackReturnReset              (abs)        00000
__size_of_I2C1_CallbackReturnStop               (abs)        00000
__size_of_I2C1_DO_ADDRESS_NACK                  (abs)        00000
__size_of_I2C1_DO_IDLE                          (abs)        00000
__size_of_I2C1_DO_RCEN                          (abs)        00000
__size_of_I2C1_DO_RESET                         (abs)        00000
__size_of_I2C1_DO_RX                            (abs)        00000
__size_of_I2C1_DO_RX_ACK                        (abs)        00000
__size_of_I2C1_DO_RX_NACK_RESTART               (abs)        00000
__size_of_I2C1_DO_RX_NACK_STOP                  (abs)        00000
__size_of_I2C1_DO_SEND_ADR_READ                 (abs)        00000
__size_of_I2C1_DO_SEND_ADR_WRITE                (abs)        00000
__size_of_I2C1_DO_SEND_RESTART                  (abs)        00000
__size_of_I2C1_DO_SEND_RESTART_READ             (abs)        00000
__size_of_I2C1_DO_SEND_RESTART_WRITE            (abs)        00000
__size_of_I2C1_DO_SEND_STOP                     (abs)        00000
__size_of_I2C1_DO_TX                            (abs)        00000
__size_of_I2C1_DO_TX_EMPTY                      (abs)        00000
__size_of_I2C1_Initialize                       (abs)        00000
__size_of_I2C1_MasterClearIrq                   (abs)        00000
__size_of_I2C1_MasterEnableIrq                  (abs)        00000
__size_of_I2C1_MasterEnableRestart              (abs)        00000
__size_of_I2C1_MasterFsm                        (abs)        00000
__size_of_I2C1_MasterGetRxData                  (abs)        00000
__size_of_I2C1_MasterIsNack                     (abs)        00000
__size_of_I2C1_MasterIsr                        (abs)        00000
__size_of_I2C1_MasterOpen                       (abs)        00000
__size_of_I2C1_MasterOperation                  (abs)        00000
__size_of_I2C1_MasterSendAck                    (abs)        00000
__size_of_I2C1_MasterSendNack                   (abs)        00000
__size_of_I2C1_MasterSendTxData                 (abs)        00000
__size_of_I2C1_MasterSetIrq                     (abs)        00000
__size_of_I2C1_MasterStart                      (abs)        00000
__size_of_I2C1_MasterStartRx                    (abs)        00000
__size_of_I2C1_MasterStop                       (abs)        00000
__size_of_I2C1_Open                             (abs)        00000
__size_of_I2C1_SetBuffer                        (abs)        00000
__size_of_I2C1_SetCallback                      (abs)        00000
__size_of_I2C1_SetDataCompleteCallback          (abs)        00000
__size_of_I2C1_SetInterruptHandler              (abs)        00000
__size_of_INTERRUPT_InterruptManager            (abs)        00000
__size_of_OSCILLATOR_Initialize                 (abs)        00000
__size_of_PIN_MANAGER_Initialize                (abs)        00000
__size_of_PMD_Initialize                        (abs)        00000
__size_of_SYSTEM_Initialize                     (abs)        00000
__size_of_SendI2CData                           (abs)        00000
__size_of_TMR0_Initialize                       (abs)        00000
__size_of___awdiv                               (abs)        00000
__size_of___awmod                               (abs)        00000
__size_of_main                                  (abs)        00000
__size_of_rd1RegCompleteHandler                 (abs)        00000
__size_of_rd2RegCompleteHandler                 (abs)        00000
__size_of_rdBlkRegCompleteHandler               (abs)        00000
__size_of_wr1RegCompleteHandler                 (abs)        00000
__size_of_wr2RegCompleteHandler                 (abs)        00000
__size_ofi1_I2C1_MasterClearIrq                 (abs)        00000
__size_ofi1_I2C1_SetBuffer                      (abs)        00000
_eusart1RxLastError                             bssBANK0     00040
_fsmStateTable                                  stringtext1  003B5
_i                                              bssBANK0     0003F
_main                                           maintext     00344
_rd1RegCompleteHandler                          text55       0043E
_rd2RegCompleteHandler                          text54       0042D
_rdBlkRegCompleteHandler                        text52       003F1
_wr1RegCompleteHandler                          text53       0041C
_wr2RegCompleteHandler                          text56       0044F
btemp                                           (abs)        0007E
clear_ram0                                      clrtext      004D9
end_of_initialization                           cinit        0002F
i1I2C1_SetBuffer@buffer                         cstackCOMMON 00073
i1I2C1_SetBuffer@bufferSize                     cstackCOMMON 00070
i1_I2C1_MasterClearIrq                          text26       00544
i1_I2C1_SetBuffer                               text57       00470
int$flags                                       (abs)        0007E
intlevel0                                       functab      00000
intlevel1                                       functab      00000
intlevel2                                       functab      00000
intlevel3                                       functab      00000
intlevel4                                       functab      00000
intlevel5                                       functab      00000
rd1RegCompleteHandler@ptr                       cstackCOMMON 00079
rd2RegCompleteHandler@ptr                       cstackCOMMON 00079
rdBlkRegCompleteHandler@ptr                     cstackCOMMON 00079
reset_vec                                       reset_vec    00000
start                                           init         00025
start_initialization                            cinit        00027
[...]
		 -> NULL(0), I2C1_Read1ByteRegister@returnValue(1), 
 Auto vars:     Size  Location     Type
		None
 Return value:  Size  Location     Type
                  1    wreg      enum E358
 Registers used:
		wreg, fsr1l, fsr1h, status,2, status,0, pclath, cstack
 Tracked objects:
		On entry : 
		On exit  : 
		Unchanged: 
 Data sizes:     COMMON   BANK0   BANK1   BANK2   BANK3   BANK4   BANK5   BANK6   BANK7   BANK8   BANK9  BANK10  BANK11  BANK12  BANK13  BANK14  BANK15  BANK16  BANK17  BANK18  BANK19  BANK20  BANK21  BANK22  BANK23  BANK24  BANK25
      Params:         1       0       0       0       0       0       0       0       0       0       0       0       0       0       0       0       0       0       0       0       0       0       0       0       0       0       0
      Locals:         0       0       0       0       0       0       0       0       0       0       0       0       0       0       0       0       0       0       0       0       0       0       0       0       0       0       0
      Temps:          0       0       0       0       0       0       0       0       0       0       0       0       0       0       0       0       0       0       0       0       0       0       0       0       0       0       0
      Totals:         1       0       0       0       0       0       0       0       0       0       0       0       0       0       0       0       0       0       0       0       0       0       0       0       0       0       0
Total ram usage:        1 bytes
 Hardware stack levels used:    1
 Hardware stack levels required when called:    2
 This function calls:
		_I2C1_SetDataCompleteCallback
		i1_I2C1_SetBuffer
 This function is called by:
		_I2C1_Read1ByteRegister
		_I2C1_DO_TX
		_I2C1_DO_RX
		_I2C1_DO_TX_EMPTY
		_I2C1_DO_ADDRESS_NACK
		_I2C1_DO_RX_EMPTY
 This function uses a non-reentrant model


 *************** function _wr2RegCompleteHandler *****************
 Defined at:
		line 163 in file "mcc_generated_files/examples/i2c1_master_example.c"
 Parameters:    Size  Location     Type
  ptr             1    9[COMMON] PTR void 
		 -> I2C1_ReadDataBlock@bufferBlock(3), I2C1_Write2ByteRegister@data(2), I2C1_Write1ByteRegister@data(1), I2C1_Read2ByteRegister@returnValue(2), 
		 -> NULL(0), I2C1_Read1ByteRegister@returnValue(1), 
 Auto vars:     Size  Location     Type
		None
 Return value:  Size  Location     Type
                  1    wreg      enum E358
 Registers used:
		wreg, fsr1l, fsr1h, status,2, status,0, pclath, cstack
 Tracked objects:
		On entry : 
		On exit  : 
		Unchanged: 
 Data sizes:     COMMON   BANK0   BANK1   BANK2   BANK3   BANK4   BANK5   BANK6   BANK7   BANK8   BANK9  BANK10  BANK11  BANK12  BANK13  BANK14  BANK15  BANK16  BANK17  BANK18  BANK19  BANK20  BANK21  BANK22  BANK23  BANK24  BANK25
      Params:         1       0       0       0       0       0       0       0       0       0       0       0       0       0       0       0       0       0       0       0       0       0       0       0       0       0       0
      Locals:         0       0       0       0       0       0       0       0       0       0       0       0       0       0       0       0       0       0       0       0       0       0       0       0       0       0       0
      Temps:          0       0       0       0       0       0       0       0       0       0       0       0       0       0       0       0       0       0       0       0       0       0       0       0       0       0       0
      Totals:         1       0       0       0       0       0       0       0       0       0       0       0       0       0       0       0       0       0       0       0       0       0       0       0       0       0       0
Total ram usage:        1 bytes
 Hardware stack levels used:    1
 Hardware stack levels required when called:    2
 This function calls:
		_I2C1_SetDataCompleteCallback
		i1_I2C1_SetBuffer
 This function is called by:
		_I2C1_Write2ByteRegister
		_I2C1_DO_TX
		_I2C1_DO_RX
		_I2C1_DO_TX_EMPTY
		_I2C1_DO_ADDRESS_NACK
		_I2C1_DO_RX_EMPTY
 This function uses a non-reentrant model


 *************** function i1_I2C1_SetBuffer *****************
 Defined at:
		line 263 in file "mcc_generated_files/i2c1_master.c"
 Parameters:    Size  Location     Type
  buffer          1    wreg     PTR void 
		 -> DispWriteValue@packets(4), I2C1_ReadDataBlock@reg(1), I2C1_ReadDataBlock@bufferBlock(3), I2C1_Write2ByteRegister@reg(1), 
		 -> I2C1_Write2ByteRegister@data(2), I2C1_Write1ByteRegister@reg(1), I2C1_Write1ByteRegister@data(1), I2C1_Read2ByteRegister@reg(1), 
		 -> I2C1_Read2ByteRegister@returnValue(2), NULL(0), I2C1_Read1ByteRegister@reg(1), I2C1_Read1ByteRegister@returnValue(1), 
  bufferSize      2    0[COMMON] unsigned int 
 Auto vars:     Size  Location     Type
  buffer          1    3[COMMON] PTR void 
		 -> DispWriteValue@packets(4), I2C1_ReadDataBlock@reg(1), I2C1_ReadDataBlock@bufferBlock(3), I2C1_Write2ByteRegister@reg(1), 
		 -> I2C1_Write2ByteRegister@data(2), I2C1_Write1ByteRegister@reg(1), I2C1_Write1ByteRegister@data(1), I2C1_Read2ByteRegister@reg(1), 
		 -> I2C1_Read2ByteRegister@returnValue(2), NULL(0), I2C1_Read1ByteRegister@reg(1), I2C1_Read1ByteRegister@returnValue(1), 
 Return value:  Size  Location     Type
                  1    wreg      void 
 Registers used:
		wreg
 Tracked objects:
		On entry : 
		On exit  : 
		Unchanged: 
 Data sizes:     COMMON   BANK0   BANK1   BANK2   BANK3   BANK4   BANK5   BANK6   BANK7   BANK8   BANK9  BANK10  BANK11  BANK12  BANK13  BANK14  BANK15  BANK16  BANK17  BANK18  BANK19  BANK20  BANK21  BANK22  BANK23  BANK24  BANK25
      Params:         2       0       0       0       0       0       0       0       0       0       0       0       0       0       0       0       0       0       0       0       0       0       0       0       0       0       0
      Locals:         1       0       0       0       0       0       0       0       0       0       0       0       0       0       0       0       0       0       0       0       0       0       0       0       0       0       0
      Temps:          1       0       0       0       0       0       0       0       0       0       0       0       0       0       0       0       0       0       0       0       0       0       0       0       0       0       0
      Totals:         4       0       0       0       0       0       0       0       0       0       0       0       0       0       0       0       0       0       0       0       0       0       0       0       0       0       0
Total ram usage:        4 bytes
 Hardware stack levels used:    1
 This function calls:
		Nothing
 This function is called by:
		_rd1RegCompleteHandler
		_rd2RegCompleteHandler
		_wr1RegCompleteHandler
		_wr2RegCompleteHandler
		_rdBlkRegCompleteHandler
 This function uses a non-reentrant model


 *************** function _I2C1_SetDataCompleteCallback *****************
 Defined at:
		line 273 in file "mcc_generated_files/i2c1_master.c"
 Parameters:    Size  Location     Type
  cb              2    5[COMMON] PTR FTN(PTR void ,)enum 
		 -> Absolute function(1), rdBlkRegCompleteHandler(1), wr2RegCompleteHandler(1), wr1RegCompleteHandler(1), 
		 -> rd2RegCompleteHandler(1), rd1RegCompleteHandler(1), 
  ptr             1    7[COMMON] PTR void 
		 -> I2C1_ReadDataBlock@bufferBlock(3), I2C1_Write2ByteRegister@data(2), I2C1_Write1ByteRegister@data(1), I2C1_Read2ByteRegister@returnValue(2), 
		 -> NULL(0), I2C1_Read1ByteRegister@returnValue(1), 
 Auto vars:     Size  Location     Type
		None
 Return value:  Size  Location     Type
                  1    wreg      void 
 Registers used:
		wreg, fsr1l, fsr1h, status,2, status,0, pclath, cstack
 Tracked objects:
		On entry : 
		On exit  : 
		Unchanged: 
 Data sizes:     COMMON   BANK0   BANK1   BANK2   BANK3   BANK4   BANK5   BANK6   BANK7   BANK8   BANK9  BANK10  BANK11  BANK12  BANK13  BANK14  BANK15  BANK16  BANK17  BANK18  BANK19  BANK20  BANK21  BANK22  BANK23  BANK24  BANK25
      Params:         3       0       0       0       0       0       0       0       0       0       0       0       0       0       0       0       0       0       0       0       0       0       0       0       0       0       0
      Locals:         0       0       0       0       0       0       0       0       0       0       0       0       0       0       0       0       0       0       0       0       0       0       0       0       0       0       0
      Temps:          1       0       0       0       0       0       0       0       0       0       0       0       0       0       0       0       0       0       0       0       0       0       0       0       0       0       0
      Totals:         4       0       0       0       0       0       0       0       0       0       0       0       0       0       0       0       0       0       0       0       0       0       0       0       0       0       0
Total ram usage:        4 bytes
 Hardware stack levels used:    1
 Hardware stack levels required when called:    1
 This function calls:
		_I2C1_SetCallback
 This function is called by:
		_rd1RegCompleteHandler
		_rd2RegCompleteHandler
		_wr1RegCompleteHandler
		_wr2RegCompleteHandler
		_rdBlkRegCompleteHandler
		_I2C1_Read1ByteRegister
		_I2C1_Read2ByteRegister
		_I2C1_Write1ByteRegister
		_I2C1_Write2ByteRegister
		_I2C1_ReadDataBlock
 This function uses a non-reentrant model


 *************** function _I2C1_SetCallback *****************
 Defined at:
		line 303 in file "mcc_generated_files/i2c1_master.c"
 Parameters:    Size  Location     Type
  idx             1    wreg     enum E11308
  cb              2    0[COMMON] PTR FTN(PTR void ,)enum 
		 -> Absolute function(1), rdBlkRegCompleteHandler(1), wr2RegCompleteHandler(1), wr1RegCompleteHandler(1), 
		 -> rd2RegCompleteHandler(1), rd1RegCompleteHandler(1), 
  ptr             1    2[COMMON] PTR void 
		 -> I2C1_ReadDataBlock@bufferBlock(3), I2C1_Write2ByteRegister@data(2), I2C1_Write1ByteRegister@data(1), I2C1_Read2ByteRegister@returnValue(2), 
		 -> NULL(0), I2C1_Read1ByteRegister@returnValue(1), 
 Auto vars:     Size  Location     Type
  idx             1    4[COMMON] enum E11308
 Return value:  Size  Location     Type
                  1    wreg      void 
 Registers used:
		wreg, fsr1l, fsr1h, status,2, status,0
 Tracked objects:
		On entry : 
		On exit  : 
		Unchanged: 
 Data sizes:     COMMON   BANK0   BANK1   BANK2   BANK3   BANK4   BANK5   BANK6   BANK7   BANK8   BANK9  BANK10  BANK11  BANK12  BANK13  BANK14  BANK15  BANK16  BANK17  BANK18  BANK19  BANK20  BANK21  BANK22  BANK23  BANK24  BANK25
      Params:         3       0       0       0       0       0       0       0       0       0       0       0       0       0       0       0       0       0       0       0       0       0       0       0       0       0       0
      Locals:         1       0       0       0       0       0       0       0       0       0       0       0       0       0       0       0       0       0       0       0       0       0       0       0       0       0       0
      Temps:          1       0       0       0       0       0       0       0       0       0       0       0       0       0       0       0       0       0       0       0       0       0       0       0       0       0       0
      Totals:         5       0       0       0       0       0       0       0       0       0       0       0       0       0       0       0       0       0       0       0       0       0       0       0       0       0       0
Total ram usage:        5 bytes
 Hardware stack levels used:    1
 This function calls:
		Nothing
 This function is called by:
		_I2C1_SetDataCompleteCallback
		_I2C1_SetWriteCollisionCallback
		_I2C1_SetAddressNackCallback
		_I2C1_SetDataNackCallback
		_I2C1_SetTimeoutCallback
 This function uses a non-reentrant model


 *************** function _I2C1_MasterStop *****************
 Defined at:
		line 593 in file "mcc_generated_files/i2c1_master.c"
 Parameters:    Size  Location     Type
		None
 Auto vars:     Size  Location     Type
		None
 Return value:  Size  Location     Type
                  1    wreg      void 
 Registers used:
		None
 Tracked objects:
		On entry : 
		On exit  : 
		Unchanged: 
 Data sizes:     COMMON   BANK0   BANK1   BANK2   BANK3   BANK4   BANK5   BANK6   BANK7   BANK8   BANK9  BANK10  BANK11  BANK12  BANK13  BANK14  BANK15  BANK16  BANK17  BANK18  BANK19  BANK20  BANK21  BANK22  BANK23  BANK24  BANK25
      Params:         0       0       0       0       0       0       0       0       0       0       0       0       0       0       0       0       0       0       0       0       0       0       0       0       0       0       0
      Locals:         0       0       0       0       0       0       0       0       0       0       0       0       0       0       0       0       0       0       0       0       0       0       0       0       0       0       0
      Temps:          0       0       0       0       0       0       0       0       0       0       0       0       0       0       0       0       0       0       0       0       0       0       0       0       0       0       0
      Totals:         0       0       0       0       0       0       0       0       0       0       0       0       0       0       0       0       0       0       0       0       0       0       0       0       0       0       0
Total ram usage:        0 bytes
 Hardware stack levels used:    1
 This function calls:
		Nothing
 This function is called by:
		_I2C1_DO_SEND_STOP
 This function uses a non-reentrant model


 *************** function _I2C1_MasterEnableRestart *****************
 Defined at:
		line 573 in file "mcc_generated_files/i2c1_master.c"
 Parameters:    Size  Location     Type
		None
 Auto vars:     Size  Location     Type
		None
 Return value:  Size  Location     Type
                  1    wreg      void 
 Registers used:
		None
 Tracked objects:
		On entry : 
		On exit  : 
		Unchanged: 
 Data sizes:     COMMON   BANK0   BANK1   BANK2   BANK3   BANK4   BANK5   BANK6   BANK7   BANK8   BANK9  BANK10  BANK11  BANK12  BANK13  BANK14  BANK15  BANK16  BANK17  BANK18  BANK19  BANK20  BANK21  BANK22  BANK23  BANK24  BANK25
      Params:         0       0       0       0       0       0       0       0       0       0       0       0       0       0       0       0       0       0       0       0       0       0       0       0       0       0       0
      Locals:         0       0       0       0       0       0       0       0       0       0       0       0       0       0       0       0       0       0       0       0       0       0       0       0       0       0       0
      Temps:          0       0       0       0       0       0       0       0       0       0       0       0       0       0       0       0       0       0       0       0       0       0       0       0       0       0       0
      Totals:         0       0       0       0       0       0       0       0       0       0       0       0       0       0       0       0       0       0       0       0       0       0       0       0       0       0       0
Total ram usage:        0 bytes
 Hardware stack levels used:    1
 This function calls:
		Nothing
 This function is called by:
		_I2C1_DO_SEND_RESTART_READ
		_I2C1_DO_SEND_RESTART_WRITE
		_I2C1_DO_SEND_RESTART
		_I2C1_DO_RX_EMPTY
 This function uses a non-reentrant model



MODULE INFORMATION

Module		Function		Class		Link	Load	Size
mcc_generated_files/examples/i2c1_master_example.c
		_wr1RegCompleteHandler		CODE           	041C	0000	18
		_wr2RegCompleteHandler		CODE           	044F	0000	18
		_rdBlkRegCompleteHandler		CODE           	03F1	0000	25
		_rd1RegCompleteHandler		CODE           	043E	0000	18
		_rd2RegCompleteHandler		CODE           	042D	0000	18

mcc_generated_files/examples/i2c1_master_example.c estimated size: 97

func.c
		_DispWriteValue		CODE           	0033	0000	115
		_SendI2CData   		CODE           	01AE	0000	81

func.c estimated size: 196

mcc_generated_files/i2c1_master.c
		_I2C1_DO_SEND_RESTART		CODE           	0516	0000	6
		_I2C1_DO_TX_EMPTY		CODE           	02BE	0000	48
		_I2C1_DO_SEND_RESTART_READ		CODE           	0520	0000	6
		_I2C1_CallbackReturnStop		CODE           	0558	0000	3
		_I2C1_DO_RX    		CODE           	01FE	0000	71
		_I2C1_DO_TX    		CODE           	0105	0000	86
		_I2C1_DO_IDLE  		CODE           	0525	0000	6
		_I2C1_MasterOpen		CODE           	0480	0000	14
		_I2C1_DO_RCEN  		CODE           	04D2	0000	8
		_I2C1_MasterSendTxData		CODE           	052A	0000	6
		_I2C1_MasterStop		CODE           	0550	0000	4
		_I2C1_CallbackReturnReset		CODE           	0556	0000	3
		_I2C1_DO_RESET 		CODE           	04FD	0000	6
		_I2C1_MasterStartRx		CODE           	054D	0000	4
		_I2C1_DO_RX_ACK		CODE           	050C	0000	6
		_I2C1_MasterSendNack		CODE           	0537	0000	5
		_I2C1_DO_RX_NACK_RESTART		CODE           	0502	0000	6
		_I2C1_MasterOperation		CODE           	03D5	0000	29
		_I2C1_SetCallback		CODE           	036A	0000	39
		_I2C1_MasterEnableRestart		CODE           	0553	0000	4
		_I2C1_Open     		CODE           	0244	0000	70
		_I2C1_DO_ADDRESS_NACK		CODE           	02ED	0000	45
		_I2C1_SetBuffer		CODE           	0460	0000	17
		_I2C1_DO_SEND_RESTART_WRITE		CODE           	051B	0000	6
		_I2C1_Initialize		CODE           	04B8	0000	10
		_I2C1_MasterIsNack		CODE           	04F7	0000	7
		_I2C1_MasterStart		CODE           	0541	0000	4
		_I2C1_DO_SEND_ADR_WRITE		CODE           	04CA	0000	9
		_I2C1_MasterClearIrq		CODE           	053E	0000	4
		_I2C1_SetDataCompleteCallback		CODE           	048D	0000	14
		_I2C1_DO_SEND_STOP		CODE           	0511	0000	6
		_I2C1_MasterSendAck		CODE           	0533	0000	5
		_I2C1_MasterFsm		CODE           	0319	0000	44
		_I2C1_MasterIsr		CODE           	052F	0000	5
		_I2C1_MasterGetRxData		CODE           	054A	0000	4
		_I2C1_SetInterruptHandler		CODE           	04F1	0000	7
		_I2C1_MasterSetIrq		CODE           	0547	0000	4
		_I2C1_DO_SEND_ADR_READ		CODE           	04C1	0000	10
		_I2C1_MasterEnableIrq		CODE           	053B	0000	4
		_I2C1_DO_RX_NACK_STOP		CODE           	0507	0000	6

mcc_generated_files/i2c1_master.c estimated size: 641

mcc_generated_files/interrupt_manager.c
		_INTERRUPT_InterruptManager		CODE           	0004	0000	34

mcc_generated_files/interrupt_manager.c estimated size: 34

C:\Program Files (x86)\Microchip\xc8\v2.10\pic\sources\c99\common\awdiv.c
		___awdiv       		CODE           	00A5	0000	97

C:\Program Files (x86)\Microchip\xc8\v2.10\pic\sources\c99\common\awdiv.c estimated size: 97

mcc_generated_files/tmr0.c
		_TMR0_Initialize		CODE           	049A	0000	12

mcc_generated_files/tmr0.c estimated size: 12

mcc_generated_files/pin_manager.c
		_PIN_MANAGER_Initialize		CODE           	0289	0000	54

mcc_generated_files/pin_manager.c estimated size: 54

shared
		i1_I2C1_SetBuffer		CODE           	0470	0000	17
		__initialization		CODE           	0027	0000	9
		_fsmStateTable 		STRCODE        	03B5	0000	33
		i1_I2C1_MasterClearIrq		CODE           	0544	0000	4

shared estimated size: 63

mcc_generated_files/eusart1.c
		_EUSART1_Initialize		CODE           	0390	0000	38
		_EUSART1_SetFramingErrorHandler		CODE           	04E5	0000	7
		_EUSART1_SetOverrunErrorHandler		CODE           	04DF	0000	7
		_EUSART1_SetErrorHandler		CODE           	04EB	0000	7

mcc_generated_files/eusart1.c estimated size: 59

mcc_generated_files/mcc.c
		_PMD_Initialize		CODE           	04A5	0000	11
		_OSCILLATOR_Initialize		CODE           	04AF	0000	10
		_SYSTEM_Initialize		CODE           	0409	0000	20

mcc_generated_files/mcc.c estimated size: 41

C:\Program Files (x86)\Microchip\xc8\v2.10\pic\sources\c99\common\awmod.c
		___awmod       		CODE           	015A	0000	85

C:\Program Files (x86)\Microchip\xc8\v2.10\pic\sources\c99\common\awmod.c estimated size: 85

main.c
		_main          		CODE           	0344	0000	39

main.c estimated size: 39

